Archive member included to satisfy reference by file (symbol)

C:/ST/STM32CubeIDE_1.6.0/STM32CubeIDE/plugins/com.st.stm32cube.ide.mcu.externaltools.gnu-tools-for-stm32.11.3.rel1.win32_1.1.0.202305231506/tools/bin/../lib/gcc/arm-none-eabi/11.3.1/../../../../arm-none-eabi/lib/thumb/v7e-m+fp/hard\libc_nano.a(libc_a-exit.o)
                              C:/ST/STM32CubeIDE_1.6.0/STM32CubeIDE/plugins/com.st.stm32cube.ide.mcu.externaltools.gnu-tools-for-stm32.11.3.rel1.win32_1.1.0.202305231506/tools/bin/../lib/gcc/arm-none-eabi/11.3.1/../../../../arm-none-eabi/lib/thumb/v7e-m+fp/hard/crt0.o (exit)
C:/ST/STM32CubeIDE_1.6.0/STM32CubeIDE/plugins/com.st.stm32cube.ide.mcu.externaltools.gnu-tools-for-stm32.11.3.rel1.win32_1.1.0.202305231506/tools/bin/../lib/gcc/arm-none-eabi/11.3.1/../../../../arm-none-eabi/lib/thumb/v7e-m+fp/hard\libc_nano.a(libc_a-findfp.o)
                              C:/ST/STM32CubeIDE_1.6.0/STM32CubeIDE/plugins/com.st.stm32cube.ide.mcu.externaltools.gnu-tools-for-stm32.11.3.rel1.win32_1.1.0.202305231506/tools/bin/../lib/gcc/arm-none-eabi/11.3.1/../../../../arm-none-eabi/lib/thumb/v7e-m+fp/hard\libc_nano.a(libc_a-exit.o) (__stdio_exit_handler)
C:/ST/STM32CubeIDE_1.6.0/STM32CubeIDE/plugins/com.st.stm32cube.ide.mcu.externaltools.gnu-tools-for-stm32.11.3.rel1.win32_1.1.0.202305231506/tools/bin/../lib/gcc/arm-none-eabi/11.3.1/../../../../arm-none-eabi/lib/thumb/v7e-m+fp/hard\libc_nano.a(libc_a-fwalk.o)
                              C:/ST/STM32CubeIDE_1.6.0/STM32CubeIDE/plugins/com.st.stm32cube.ide.mcu.externaltools.gnu-tools-for-stm32.11.3.rel1.win32_1.1.0.202305231506/tools/bin/../lib/gcc/arm-none-eabi/11.3.1/../../../../arm-none-eabi/lib/thumb/v7e-m+fp/hard\libc_nano.a(libc_a-findfp.o) (_fwalk_sglue)
C:/ST/STM32CubeIDE_1.6.0/STM32CubeIDE/plugins/com.st.stm32cube.ide.mcu.externaltools.gnu-tools-for-stm32.11.3.rel1.win32_1.1.0.202305231506/tools/bin/../lib/gcc/arm-none-eabi/11.3.1/../../../../arm-none-eabi/lib/thumb/v7e-m+fp/hard\libc_nano.a(libc_a-stdio.o)
                              C:/ST/STM32CubeIDE_1.6.0/STM32CubeIDE/plugins/com.st.stm32cube.ide.mcu.externaltools.gnu-tools-for-stm32.11.3.rel1.win32_1.1.0.202305231506/tools/bin/../lib/gcc/arm-none-eabi/11.3.1/../../../../arm-none-eabi/lib/thumb/v7e-m+fp/hard\libc_nano.a(libc_a-findfp.o) (__sread)
C:/ST/STM32CubeIDE_1.6.0/STM32CubeIDE/plugins/com.st.stm32cube.ide.mcu.externaltools.gnu-tools-for-stm32.11.3.rel1.win32_1.1.0.202305231506/tools/bin/../lib/gcc/arm-none-eabi/11.3.1/../../../../arm-none-eabi/lib/thumb/v7e-m+fp/hard\libc_nano.a(libc_a-memset.o)
                              C:/ST/STM32CubeIDE_1.6.0/STM32CubeIDE/plugins/com.st.stm32cube.ide.mcu.externaltools.gnu-tools-for-stm32.11.3.rel1.win32_1.1.0.202305231506/tools/bin/../lib/gcc/arm-none-eabi/11.3.1/../../../../arm-none-eabi/lib/thumb/v7e-m+fp/hard/crt0.o (memset)
C:/ST/STM32CubeIDE_1.6.0/STM32CubeIDE/plugins/com.st.stm32cube.ide.mcu.externaltools.gnu-tools-for-stm32.11.3.rel1.win32_1.1.0.202305231506/tools/bin/../lib/gcc/arm-none-eabi/11.3.1/../../../../arm-none-eabi/lib/thumb/v7e-m+fp/hard\libc_nano.a(libc_a-closer.o)
                              C:/ST/STM32CubeIDE_1.6.0/STM32CubeIDE/plugins/com.st.stm32cube.ide.mcu.externaltools.gnu-tools-for-stm32.11.3.rel1.win32_1.1.0.202305231506/tools/bin/../lib/gcc/arm-none-eabi/11.3.1/../../../../arm-none-eabi/lib/thumb/v7e-m+fp/hard\libc_nano.a(libc_a-stdio.o) (_close_r)
C:/ST/STM32CubeIDE_1.6.0/STM32CubeIDE/plugins/com.st.stm32cube.ide.mcu.externaltools.gnu-tools-for-stm32.11.3.rel1.win32_1.1.0.202305231506/tools/bin/../lib/gcc/arm-none-eabi/11.3.1/../../../../arm-none-eabi/lib/thumb/v7e-m+fp/hard\libc_nano.a(libc_a-reent.o)
                              C:/ST/STM32CubeIDE_1.6.0/STM32CubeIDE/plugins/com.st.stm32cube.ide.mcu.externaltools.gnu-tools-for-stm32.11.3.rel1.win32_1.1.0.202305231506/tools/bin/../lib/gcc/arm-none-eabi/11.3.1/../../../../arm-none-eabi/lib/thumb/v7e-m+fp/hard\libc_nano.a(libc_a-closer.o) (errno)
C:/ST/STM32CubeIDE_1.6.0/STM32CubeIDE/plugins/com.st.stm32cube.ide.mcu.externaltools.gnu-tools-for-stm32.11.3.rel1.win32_1.1.0.202305231506/tools/bin/../lib/gcc/arm-none-eabi/11.3.1/../../../../arm-none-eabi/lib/thumb/v7e-m+fp/hard\libc_nano.a(libc_a-impure.o)
                              C:/ST/STM32CubeIDE_1.6.0/STM32CubeIDE/plugins/com.st.stm32cube.ide.mcu.externaltools.gnu-tools-for-stm32.11.3.rel1.win32_1.1.0.202305231506/tools/bin/../lib/gcc/arm-none-eabi/11.3.1/../../../../arm-none-eabi/lib/thumb/v7e-m+fp/hard\libc_nano.a(libc_a-reent.o) (_impure_ptr)
C:/ST/STM32CubeIDE_1.6.0/STM32CubeIDE/plugins/com.st.stm32cube.ide.mcu.externaltools.gnu-tools-for-stm32.11.3.rel1.win32_1.1.0.202305231506/tools/bin/../lib/gcc/arm-none-eabi/11.3.1/../../../../arm-none-eabi/lib/thumb/v7e-m+fp/hard\libc_nano.a(libc_a-lseekr.o)
[...]
Memory Configuration

Name             Origin             Length             Attributes
RAM              0x0000000020000000 0x0000000000020000 xrw
FLASH            0x0000000008000000 0x0000000000080000 xr
*default*        0x0000000000000000 0xffffffffffffffff

Linker script and memory map

LOAD C:/ST/STM32CubeIDE_1.6.0/STM32CubeIDE/plugins/com.st.stm32cube.ide.mcu.externaltools.gnu-tools-for-stm32.11.3.rel1.win32_1.1.0.202305231506/tools/bin/../lib/gcc/arm-none-eabi/11.3.1/thumb/v7e-m+fp/hard/crti.o
LOAD C:/ST/STM32CubeIDE_1.6.0/STM32CubeIDE/plugins/com.st.stm32cube.ide.mcu.externaltools.gnu-tools-for-stm32.11.3.rel1.win32_1.1.0.202305231506/tools/bin/../lib/gcc/arm-none-eabi/11.3.1/thumb/v7e-m+fp/hard/crtbegin.o
LOAD C:/ST/STM32CubeIDE_1.6.0/STM32CubeIDE/plugins/com.st.stm32cube.ide.mcu.externaltools.gnu-tools-for-stm32.11.3.rel1.win32_1.1.0.202305231506/tools/bin/../lib/gcc/arm-none-eabi/11.3.1/../../../../arm-none-eabi/lib/thumb/v7e-m+fp/hard/crt0.o
LOAD ./Core/Src/Protocol2.o
LOAD ./Core/Src/dma.o
LOAD ./Core/Src/gpio.o
LOAD ./Core/Src/iBus.o
LOAD ./Core/Src/main.o
LOAD ./Core/Src/stm32f4xx_it.o
LOAD ./Core/Src/syscalls.o
LOAD ./Core/Src/sysmem.o
LOAD ./Core/Src/system_stm32f4xx.o
LOAD ./Core/Src/tim.o
LOAD ./Core/Src/usart.o
LOAD ./Core/Startup/startup_stm32f446retx.o
LOAD ./Drivers/STM32F4xx_HAL_Driver/Src/stm32f4xx_ll_dma.o
LOAD ./Drivers/STM32F4xx_HAL_Driver/Src/stm32f4xx_ll_exti.o
LOAD ./Drivers/STM32F4xx_HAL_Driver/Src/stm32f4xx_ll_gpio.o
LOAD ./Drivers/STM32F4xx_HAL_Driver/Src/stm32f4xx_ll_rcc.o
LOAD ./Drivers/STM32F4xx_HAL_Driver/Src/stm32f4xx_ll_tim.o
LOAD ./Drivers/STM32F4xx_HAL_Driver/Src/stm32f4xx_ll_usart.o
LOAD ./Drivers/STM32F4xx_HAL_Driver/Src/stm32f4xx_ll_utils.o
START GROUP
LOAD C:/ST/STM32CubeIDE_1.6.0/STM32CubeIDE/plugins/com.st.stm32cube.ide.mcu.externaltools.gnu-tools-for-stm32.11.3.rel1.win32_1.1.0.202305231506/tools/bin/../lib/gcc/arm-none-eabi/11.3.1/../../../../arm-none-eabi/lib/thumb/v7e-m+fp/hard\libc_nano.a
LOAD C:/ST/STM32CubeIDE_1.6.0/STM32CubeIDE/plugins/com.st.stm32cube.ide.mcu.externaltools.gnu-tools-for-stm32.11.3.rel1.win32_1.1.0.202305231506/tools/bin/../lib/gcc/arm-none-eabi/11.3.1/../../../../arm-none-eabi/lib/thumb/v7e-m+fp/hard\libm.a
END GROUP
START GROUP
LOAD C:/ST/STM32CubeIDE_1.6.0/STM32CubeIDE/plugins/com.st.stm32cube.ide.mcu.externaltools.gnu-tools-for-stm32.11.3.rel1.win32_1.1.0.202305231506/tools/bin/../lib/gcc/arm-none-eabi/11.3.1/thumb/v7e-m+fp/hard\libgcc.a
LOAD C:/ST/STM32CubeIDE_1.6.0/STM32CubeIDE/plugins/com.st.stm32cube.ide.mcu.externaltools.gnu-tools-for-stm32.11.3.rel1.win32_1.1.0.202305231506/tools/bin/../lib/gcc/arm-none-eabi/11.3.1/../../../../arm-none-eabi/lib/thumb/v7e-m+fp/hard\libc_nano.a
END GROUP
START GROUP
LOAD C:/ST/STM32CubeIDE_1.6.0/STM32CubeIDE/plugins/com.st.stm32cube.ide.mcu.externaltools.gnu-tools-for-stm32.11.3.rel1.win32_1.1.0.202305231506/tools/bin/../lib/gcc/arm-none-eabi/11.3.1/thumb/v7e-m+fp/hard\libgcc.a
LOAD C:/ST/STM32CubeIDE_1.6.0/STM32CubeIDE/plugins/com.st.stm32cube.ide.mcu.externaltools.gnu-tools-for-stm32.11.3.rel1.win32_1.1.0.202305231506/tools/bin/../lib/gcc/arm-none-eabi/11.3.1/../../../../arm-none-eabi/lib/thumb/v7e-m+fp/hard\libc_nano.a
LOAD C:/ST/STM32CubeIDE_1.6.0/STM32CubeIDE/plugins/com.st.stm32cube.ide.mcu.externaltools.gnu-tools-for-stm32.11.3.rel1.win32_1.1.0.202305231506/tools/bin/../lib/gcc/arm-none-eabi/11.3.1/../../../../arm-none-eabi/lib/thumb/v7e-m+fp/hard\libnosys.a
END GROUP
START GROUP
LOAD C:/ST/STM32CubeIDE_1.6.0/STM32CubeIDE/plugins/com.st.stm32cube.ide.mcu.externaltools.gnu-tools-for-stm32.11.3.rel1.win32_1.1.0.202305231506/tools/bin/../lib/gcc/arm-none-eabi/11.3.1/thumb/v7e-m+fp/hard\libgcc.a
LOAD C:/ST/STM32CubeIDE_1.6.0/STM32CubeIDE/plugins/com.st.stm32cube.ide.mcu.externaltools.gnu-tools-for-stm32.11.3.rel1.win32_1.1.0.202305231506/tools/bin/../lib/gcc/arm-none-eabi/11.3.1/../../../../arm-none-eabi/lib/thumb/v7e-m+fp/hard\libc_nano.a
LOAD C:/ST/STM32CubeIDE_1.6.0/STM32CubeIDE/plugins/com.st.stm32cube.ide.mcu.externaltools.gnu-tools-for-stm32.11.3.rel1.win32_1.1.0.202305231506/tools/bin/../lib/gcc/arm-none-eabi/11.3.1/../../../../arm-none-eabi/lib/thumb/v7e-m+fp/hard\libnosys.a
END GROUP
LOAD C:/ST/STM32CubeIDE_1.6.0/STM32CubeIDE/plugins/com.st.stm32cube.ide.mcu.externaltools.gnu-tools-for-stm32.11.3.rel1.win32_1.1.0.202305231506/tools/bin/../lib/gcc/arm-none-eabi/11.3.1/thumb/v7e-m+fp/hard/crtend.o
LOAD C:/ST/STM32CubeIDE_1.6.0/STM32CubeIDE/plugins/com.st.stm32cube.ide.mcu.externaltools.gnu-tools-for-stm32.11.3.rel1.win32_1.1.0.202305231506/tools/bin/../lib/gcc/arm-none-eabi/11.3.1/thumb/v7e-m+fp/hard/crtn.o
                0x0000000020020000                _estack = (ORIGIN (RAM) + LENGTH (RAM))
                0x0000000000000200                _Min_Heap_Size = 0x200
                0x0000000000000400                _Min_Stack_Size = 0x400

.isr_vector     0x0000000008000000      0x1c4
                0x0000000008000000                . = ALIGN (0x4)
 *(.isr_vector)
 .isr_vector    0x0000000008000000      0x1c4 ./Core/Startup/startup_stm32f446retx.o
                0x0000000008000000                g_pfnVectors
                0x00000000080001c4                . = ALIGN (0x4)

.text           0x00000000080001c8     0x3f20
                0x00000000080001c8                . = ALIGN (0x4)
 *(.text)
 .text          0x00000000080001c8       0x40 C:/ST/STM32CubeIDE_1.6.0/STM32CubeIDE/plugins/com.st.stm32cube.ide.mcu.externaltools.gnu-tools-for-stm32.11.3.rel1.win32_1.1.0.202305231506/tools/bin/../lib/gcc/arm-none-eabi/11.3.1/thumb/v7e-m+fp/hard/crtbegin.o
 .text          0x0000000008000208      0x378 C:/ST/STM32CubeIDE_1.6.0/STM32CubeIDE/plugins/com.st.stm32cube.ide.mcu.externaltools.gnu-tools-for-stm32.11.3.rel1.win32_1.1.0.202305231506/tools/bin/../lib/gcc/arm-none-eabi/11.3.1/thumb/v7e-m+fp/hard\libgcc.a(_arm_addsubdf3.o)
                0x0000000008000208                __aeabi_drsub
                0x0000000008000210                __aeabi_dsub
                0x0000000008000210                __subdf3
                0x0000000008000214                __aeabi_dadd
                0x0000000008000214                __adddf3
                0x000000000800048c                __floatunsidf
                0x000000000800048c                __aeabi_ui2d
                0x00000000080004ac                __floatsidf
                0x00000000080004ac                __aeabi_i2d
                0x00000000080004d0                __aeabi_f2d
                0x00000000080004d0                __extendsfdf2
                0x0000000008000514                __floatundidf
                0x0000000008000514                __aeabi_ul2d
                0x0000000008000524                __floatdidf
                0x0000000008000524                __aeabi_l2d
 .text          0x0000000008000580      0x424 C:/ST/STM32CubeIDE_1.6.0/STM32CubeIDE/plugins/com.st.stm32cube.ide.mcu.externaltools.gnu-tools-for-stm32.11.3.rel1.win32_1.1.0.202305231506/tools/bin/../lib/gcc/arm-none-eabi/11.3.1/thumb/v7e-m+fp/hard\libgcc.a(_arm_muldivdf3.o)
                0x0000000008000580                __aeabi_dmul
                0x0000000008000580                __muldf3
                0x00000000080007d4                __divdf3
                0x00000000080007d4                __aeabi_ddiv
 .text          0x00000000080009a4      0x110 C:/ST/STM32CubeIDE_1.6.0/STM32CubeIDE/plugins/com.st.stm32cube.ide.mcu.externaltools.gnu-tools-for-stm32.11.3.rel1.win32_1.1.0.202305231506/tools/bin/../lib/gcc/arm-none-eabi/11.3.1/thumb/v7e-m+fp/hard\libgcc.a(_arm_cmpdf2.o)
                0x00000000080009a4                __gtdf2
                0x00000000080009a4                __gedf2
                0x00000000080009ac                __ltdf2
                0x00000000080009ac                __ledf2
                0x00000000080009b4                __nedf2
                0x00000000080009b4                __eqdf2
                0x00000000080009b4                __cmpdf2
                0x0000000008000a30                __aeabi_cdrcmple
                0x0000000008000a40                __aeabi_cdcmpeq
                0x0000000008000a40                __aeabi_cdcmple
                0x0000000008000a50                __aeabi_dcmpeq
                0x0000000008000a64                __aeabi_dcmplt
                0x0000000008000a78                __aeabi_dcmple
                0x0000000008000a8c                __aeabi_dcmpge
                0x0000000008000aa0                __aeabi_dcmpgt
 .text          0x0000000008000ab4       0x50 C:/ST/STM32CubeIDE_1.6.0/STM32CubeIDE/plugins/com.st.stm32cube.ide.mcu.externaltools.gnu-tools-for-stm32.11.3.rel1.win32_1.1.0.202305231506/tools/bin/../lib/gcc/arm-none-eabi/11.3.1/thumb/v7e-m+fp/hard\libgcc.a(_arm_fixdfsi.o)
                0x0000000008000ab4                __aeabi_d2iz
                0x0000000008000ab4                __fixdfsi
 .text          0x0000000008000b04       0x30 C:/ST/STM32CubeIDE_1.6.0/STM32CubeIDE/plugins/com.st.stm32cube.ide.mcu.externaltools.gnu-tools-for-stm32.11.3.rel1.win32_1.1.0.202305231506/tools/bin/../lib/gcc/arm-none-eabi/11.3.1/thumb/v7e-m+fp/hard\libgcc.a(_aeabi_uldivmod.o)
                0x0000000008000b04                __aeabi_uldivmod
 .text          0x0000000008000b34      0x2c8 C:/ST/STM32CubeIDE_1.6.0/STM32CubeIDE/plugins/com.st.stm32cube.ide.mcu.externaltools.gnu-tools-for-stm32.11.3.rel1.win32_1.1.0.202305231506/tools/bin/../lib/gcc/arm-none-eabi/11.3.1/thumb/v7e-m+fp/hard\libgcc.a(_udivmoddi4.o)
                0x0000000008000b34                __udivmoddi4
 .text          0x0000000008000dfc        0x4 C:/ST/STM32CubeIDE_1.6.0/STM32CubeIDE/plugins/com.st.stm32cube.ide.mcu.externaltools.gnu-tools-for-stm32.11.3.rel1.win32_1.1.0.202305231506/tools/bin/../lib/gcc/arm-none-eabi/11.3.1/thumb/v7e-m+fp/hard\libgcc.a(_dvmd_tls.o)
                0x0000000008000dfc                __aeabi_idiv0
                0x0000000008000dfc                __aeabi_ldiv0
 *(.text*)
 .text.LL_USART_IsActiveFlag_TXE
                0x0000000008000e00       0x26 ./Core/Src/Protocol2.o
 .text.LL_USART_TransmitData8
                0x0000000008000e26       0x1e ./Core/Src/Protocol2.o
 .text.Protocol2_divideByte
                0x0000000008000e44       0x50 ./Core/Src/Protocol2.o
                0x0000000008000e44                Protocol2_divideByte
 .text.Protocol2_update_header
                0x0000000008000e94       0xd4 ./Core/Src/Protocol2.o
                0x0000000008000e94                Protocol2_update_header
 .text.Protocol2_torqueOn
                0x0000000008000f68       0x60 ./Core/Src/Protocol2.o
                0x0000000008000f68                Protocol2_torqueOn
 .text.Protocol2_writePosition
                0x0000000008000fc8      0x11a ./Core/Src/Protocol2.o
                0x0000000008000fc8                Protocol2_writePosition
 .text.Protocol2_update_length
                0x00000000080010e2       0x32 ./Core/Src/Protocol2.o
                0x00000000080010e2                Protocol2_update_length
 .text.Protocol2_update_crc
                0x0000000008001114       0xdc ./Core/Src/Protocol2.o
                0x0000000008001114                Protocol2_update_crc
 .text.Protocol2_writeByte
                0x00000000080011f0       0x62 ./Core/Src/Protocol2.o
                0x00000000080011f0                Protocol2_writeByte
 *fill*         0x0000000008001252        0x2 
 .text.Protocol2_writePacket
                0x0000000008001254       0x58 ./Core/Src/Protocol2.o
                0x0000000008001254                Protocol2_writePacket
 .text.__NVIC_GetPriorityGrouping
                0x00000000080012ac       0x1c ./Core/Src/dma.o
 .text.__NVIC_EnableIRQ
                0x00000000080012c8       0x3c ./Core/Src/dma.o
 .text.__NVIC_SetPriority
                0x0000000008001304       0x54 ./Core/Src/dma.o
 .text.NVIC_EncodePriority
                0x0000000008001358       0x66 ./Core/Src/dma.o
 *fill*         0x00000000080013be        0x2 
 .text.LL_AHB1_GRP1_EnableClock
                0x00000000080013c0       0x30 ./Core/Src/dma.o
 .text.MX_DMA_Init
                0x00000000080013f0       0x30 ./Core/Src/dma.o
                0x00000000080013f0                MX_DMA_Init
 .text.LL_AHB1_GRP1_EnableClock
                0x0000000008001420       0x30 ./Core/Src/gpio.o
 .text.MX_GPIO_Init
                0x0000000008001450       0x1a ./Core/Src/gpio.o
                0x0000000008001450                MX_GPIO_Init
 .text.iBus_combineByte
                0x000000000800146a       0x2c ./Core/Src/iBus.o
                0x000000000800146a                iBus_combineByte
 .text.iBus_checksum
                0x0000000008001496       0x3e ./Core/Src/iBus.o
                0x0000000008001496                iBus_checksum
 .text.iBus_parsing
                0x00000000080014d4       0xde ./Core/Src/iBus.o
                0x00000000080014d4                iBus_parsing
 .text.iBus_rangeTransform
                0x00000000080015b2       0x8c ./Core/Src/iBus.o
                0x00000000080015b2                iBus_rangeTransform
 .text.iBus_limiting
                0x000000000800163e       0x74 ./Core/Src/iBus.o
                0x000000000800163e                iBus_limiting
 *fill*         0x00000000080016b2        0x6 
 .text.iBus_normalization
                0x00000000080016b8      0x170 ./Core/Src/iBus.o
                0x00000000080016b8                iBus_normalization
 .text.iBus_cmd_vel
                0x0000000008001828      0x5f0 ./Core/Src/iBus.o
                0x0000000008001828                iBus_cmd_vel
 .text.iBus_readPacket
                0x0000000008001e18       0x46 ./Core/Src/iBus.o
                0x0000000008001e18                iBus_readPacket
 .text.iBus_readByte
                0x0000000008001e5e       0xfc ./Core/Src/iBus.o
                0x0000000008001e5e                iBus_readByte
 *fill*         0x0000000008001f5a        0x2 
 .text.__NVIC_SetPriorityGrouping
                0x0000000008001f5c       0x48 ./Core/Src/main.o
 .text.__NVIC_GetPriorityGrouping
                0x0000000008001fa4       0x1c ./Core/Src/main.o
 .text.__NVIC_SetPriority
                0x0000000008001fc0       0x54 ./Core/Src/main.o
 .text.NVIC_EncodePriority
                0x0000000008002014       0x66 ./Core/Src/main.o
 *fill*         0x000000000800207a        0x2 
 .text.LL_DMA_EnableStream
                0x000000000800207c       0x40 ./Core/Src/main.o
 .text.LL_DMA_SetDataLength
                0x00000000080020bc       0x48 ./Core/Src/main.o
 .text.LL_DMA_ConfigAddresses
                0x0000000008002104       0x78 ./Core/Src/main.o
 .text.LL_RCC_HSI_Enable
                0x000000000800217c       0x20 ./Core/Src/main.o
 .text.LL_RCC_HSI_IsReady
                0x000000000800219c       0x24 ./Core/Src/main.o
 .text.LL_RCC_HSI_SetCalibTrimming
                0x00000000080021c0       0x2c ./Core/Src/main.o
 .text.LL_RCC_SetSysClkSource
                0x00000000080021ec       0x28 ./Core/Src/main.o
 .text.LL_RCC_GetSysClkSource
                0x0000000008002214       0x1c ./Core/Src/main.o
 .text.LL_RCC_SetAHBPrescaler
                0x0000000008002230       0x28 ./Core/Src/main.o
 .text.LL_RCC_SetAPB1Prescaler
                0x0000000008002258       0x28 ./Core/Src/main.o
 .text.LL_RCC_SetAPB2Prescaler
                0x0000000008002280       0x28 ./Core/Src/main.o
 .text.LL_RCC_SetTIMPrescaler
                0x00000000080022a8       0x2c ./Core/Src/main.o
 .text.LL_RCC_PLL_Enable
                0x00000000080022d4       0x20 ./Core/Src/main.o
 .text.LL_RCC_PLL_IsReady
                0x00000000080022f4       0x28 ./Core/Src/main.o
 .text.LL_RCC_PLL_ConfigDomain_SYS
                0x000000000800231c       0x5c ./Core/Src/main.o
 .text.LL_APB1_GRP1_EnableClock
                0x0000000008002378       0x30 ./Core/Src/main.o
 .text.LL_APB2_GRP1_EnableClock
                0x00000000080023a8       0x30 ./Core/Src/main.o
 .text.LL_FLASH_SetLatency
                0x00000000080023d8       0x28 ./Core/Src/main.o
 .text.LL_FLASH_GetLatency
                0x0000000008002400       0x1c ./Core/Src/main.o
 .text.LL_PWR_EnableOverDriveMode
                0x000000000800241c       0x20 ./Core/Src/main.o
 .text.LL_PWR_SetRegulVoltageScaling
                0x000000000800243c       0x28 ./Core/Src/main.o
 .text.LL_PWR_IsActiveFlag_VOS
                0x0000000008002464       0x28 ./Core/Src/main.o
 .text.LL_TIM_EnableCounter
                0x000000000800248c       0x20 ./Core/Src/main.o
 .text.LL_TIM_EnableIT_UPDATE
                0x00000000080024ac       0x20 ./Core/Src/main.o
 .text.LL_USART_EnableIT_IDLE
                0x00000000080024cc       0x46 ./Core/Src/main.o
 .text.LL_USART_EnableDMAReq_RX
                0x0000000008002512       0x46 ./Core/Src/main.o
 .text.LL_USART_DMA_GetRegAddr
                0x0000000008002558       0x18 ./Core/Src/main.o
 .text.main     0x0000000008002570       0xc0 ./Core/Src/main.o
                0x0000000008002570                main
 .text.SystemClock_Config
                0x0000000008002630       0xa4 ./Core/Src/main.o
                0x0000000008002630                SystemClock_Config
 .text.LL_DMA_EnableStream
                0x00000000080026d4       0x40 ./Core/Src/stm32f4xx_it.o
 .text.LL_DMA_DisableStream
                0x0000000008002714       0x40 ./Core/Src/stm32f4xx_it.o
 .text.LL_DMA_ClearFlag_HT2
                0x0000000008002754       0x1c ./Core/Src/stm32f4xx_it.o
 .text.LL_DMA_ClearFlag_TC2
                0x0000000008002770       0x1c ./Core/Src/stm32f4xx_it.o
 .text.LL_DMA_ClearFlag_TE2
                0x000000000800278c       0x1c ./Core/Src/stm32f4xx_it.o
 .text.LL_DMA_ClearFlag_DME2
                0x00000000080027a8       0x1c ./Core/Src/stm32f4xx_it.o
 .text.LL_DMA_ClearFlag_FE2
                0x00000000080027c4       0x1c ./Core/Src/stm32f4xx_it.o
 .text.LL_TIM_ClearFlag_UPDATE
                0x00000000080027e0       0x1c ./Core/Src/stm32f4xx_it.o
 .text.LL_TIM_IsActiveFlag_UPDATE
                0x00000000080027fc       0x26 ./Core/Src/stm32f4xx_it.o
 .text.LL_USART_IsActiveFlag_IDLE
                0x0000000008002822       0x26 ./Core/Src/stm32f4xx_it.o
 .text.LL_USART_ClearFlag_IDLE
                0x0000000008002848       0x24 ./Core/Src/stm32f4xx_it.o
 .text.NMI_Handler
                0x000000000800286c        0x6 ./Core/Src/stm32f4xx_it.o
                0x000000000800286c                NMI_Handler
 .text.HardFault_Handler
                0x0000000008002872        0x6 ./Core/Src/stm32f4xx_it.o
                0x0000000008002872                HardFault_Handler
 .text.MemManage_Handler
                0x0000000008002878        0x6 ./Core/Src/stm32f4xx_it.o
                0x0000000008002878                MemManage_Handler
 .text.BusFault_Handler
                0x000000000800287e        0x6 ./Core/Src/stm32f4xx_it.o
                0x000000000800287e                BusFault_Handler
 .text.UsageFault_Handler
                0x0000000008002884        0x6 ./Core/Src/stm32f4xx_it.o
                0x0000000008002884                UsageFault_Handler
 .text.SVC_Handler
                0x000000000800288a        0xe ./Core/Src/stm32f4xx_it.o
                0x000000000800288a                SVC_Handler
 .text.DebugMon_Handler
                0x0000000008002898        0xe ./Core/Src/stm32f4xx_it.o
                0x0000000008002898                DebugMon_Handler
 .text.PendSV_Handler
                0x00000000080028a6        0xe ./Core/Src/stm32f4xx_it.o
                0x00000000080028a6                PendSV_Handler
 .text.SysTick_Handler
                0x00000000080028b4        0xe ./Core/Src/stm32f4xx_it.o
                0x00000000080028b4                SysTick_Handler
 .text.DMA1_Stream2_IRQHandler
                0x00000000080028c2        0xe ./Core/Src/stm32f4xx_it.o
                0x00000000080028c2                DMA1_Stream2_IRQHandler
 .text.UART4_IRQHandler
                0x00000000080028d0       0x6c ./Core/Src/stm32f4xx_it.o
                0x00000000080028d0                UART4_IRQHandler
 .text.TIM6_DAC_IRQHandler
                0x000000000800293c       0x30 ./Core/Src/stm32f4xx_it.o
                0x000000000800293c                TIM6_DAC_IRQHandler
 .text.SystemInit
                0x000000000800296c       0x24 ./Core/Src/system_stm32f4xx.o
                0x000000000800296c                SystemInit
 .text.__NVIC_GetPriorityGrouping
                0x0000000008002990       0x1c ./Core/Src/tim.o
 .text.__NVIC_EnableIRQ
                0x00000000080029ac       0x3c ./Core/Src/tim.o
 .text.__NVIC_SetPriority
                0x00000000080029e8       0x54 ./Core/Src/tim.o
 .text.NVIC_EncodePriority
                0x0000000008002a3c       0x66 ./Core/Src/tim.o
 *fill*         0x0000000008002aa2        0x2 
 .text.LL_APB1_GRP1_EnableClock
                0x0000000008002aa4       0x30 ./Core/Src/tim.o
 .text.LL_TIM_DisableARRPreload
                0x0000000008002ad4       0x20 ./Core/Src/tim.o
 .text.LL_TIM_SetTriggerOutput
                0x0000000008002af4       0x26 ./Core/Src/tim.o
 .text.LL_TIM_DisableMasterSlaveMode
                0x0000000008002b1a       0x20 ./Core/Src/tim.o
 *fill*         0x0000000008002b3a        0x2 
 .text.MX_TIM6_Init
                0x0000000008002b3c       0x74 ./Core/Src/tim.o
                0x0000000008002b3c                MX_TIM6_Init
 .text.__NVIC_GetPriorityGrouping
                0x0000000008002bb0       0x1c ./Core/Src/usart.o
 .text.__NVIC_EnableIRQ
                0x0000000008002bcc       0x3c ./Core/Src/usart.o
 .text.__NVIC_SetPriority
                0x0000000008002c08       0x54 ./Core/Src/usart.o
 .text.NVIC_EncodePriority
                0x0000000008002c5c       0x66 ./Core/Src/usart.o
 *fill*         0x0000000008002cc2        0x2 
 .text.LL_DMA_SetDataTransferDirection
                0x0000000008002cc4       0x48 ./Core/Src/usart.o
 .text.LL_DMA_SetMode
                0x0000000008002d0c       0x48 ./Core/Src/usart.o
 .text.LL_DMA_SetPeriphIncMode
                0x0000000008002d54       0x48 ./Core/Src/usart.o
 .text.LL_DMA_SetMemoryIncMode
                0x0000000008002d9c       0x48 ./Core/Src/usart.o
 .text.LL_DMA_SetPeriphSize
                0x0000000008002de4       0x48 ./Core/Src/usart.o
 .text.LL_DMA_SetMemorySize
                0x0000000008002e2c       0x48 ./Core/Src/usart.o
 .text.LL_DMA_SetStreamPriorityLevel
                0x0000000008002e74       0x48 ./Core/Src/usart.o
 .text.LL_DMA_SetChannelSelection
                0x0000000008002ebc       0x48 ./Core/Src/usart.o
 .text.LL_DMA_DisableFifoMode
                0x0000000008002f04       0x40 ./Core/Src/usart.o
 .text.LL_AHB1_GRP1_EnableClock
                0x0000000008002f44       0x30 ./Core/Src/usart.o
 .text.LL_APB1_GRP1_EnableClock
                0x0000000008002f74       0x30 ./Core/Src/usart.o
 .text.LL_USART_Enable
                0x0000000008002fa4       0x20 ./Core/Src/usart.o
 .text.LL_USART_ConfigAsyncMode
                0x0000000008002fc4       0x2c ./Core/Src/usart.o
 .text.MX_UART4_Init
                0x0000000008002ff0      0x124 ./Core/Src/usart.o
                0x0000000008002ff0                MX_UART4_Init
 .text.MX_USART2_UART_Init
                0x0000000008003114       0xa0 ./Core/Src/usart.o
                0x0000000008003114                MX_USART2_UART_Init
 .text.MX_USART3_UART_Init
                0x00000000080031b4       0xa4 ./Core/Src/usart.o
                0x00000000080031b4                MX_USART3_UART_Init
 .text.Reset_Handler
                0x0000000008003258       0x50 ./Core/Startup/startup_stm32f446retx.o
                0x0000000008003258                Reset_Handler
 .text.Default_Handler
                0x00000000080032a8        0x2 ./Core/Startup/startup_stm32f446retx.o
                0x00000000080032a8                RTC_Alarm_IRQHandler
                0x00000000080032a8                EXTI2_IRQHandler
                0x00000000080032a8                TIM8_CC_IRQHandler
                0x00000000080032a8                FMPI2C1_EV_IRQHandler
                0x00000000080032a8                SPI4_IRQHandler
                0x00000000080032a8                TIM1_CC_IRQHandler
                0x00000000080032a8                DMA2_Stream5_IRQHandler
                0x00000000080032a8                DMA1_Stream5_IRQHandler
                0x00000000080032a8                PVD_IRQHandler
                0x00000000080032a8                SDIO_IRQHandler
                0x00000000080032a8                TAMP_STAMP_IRQHandler
                0x00000000080032a8                CAN2_RX1_IRQHandler
                0x00000000080032a8                EXTI3_IRQHandler
                0x00000000080032a8                TIM8_TRG_COM_TIM14_IRQHandler
                0x00000000080032a8                TIM1_UP_TIM10_IRQHandler
                0x00000000080032a8                TIM8_UP_TIM13_IRQHandler
                0x00000000080032a8                I2C3_ER_IRQHandler
                0x00000000080032a8                EXTI0_IRQHandler
                0x00000000080032a8                I2C2_EV_IRQHandler
                0x00000000080032a8                CAN1_RX0_IRQHandler
                0x00000000080032a8                FPU_IRQHandler
                0x00000000080032a8                OTG_HS_WKUP_IRQHandler
                0x00000000080032a8                CAN2_SCE_IRQHandler
                0x00000000080032a8                DMA2_Stream2_IRQHandler
                0x00000000080032a8                SPI1_IRQHandler
                0x00000000080032a8                TIM1_BRK_TIM9_IRQHandler
                0x00000000080032a8                DCMI_IRQHandler
                0x00000000080032a8                CAN2_RX0_IRQHandler
                0x00000000080032a8                DMA2_Stream3_IRQHandler
                0x00000000080032a8                SAI2_IRQHandler
                0x00000000080032a8                USART6_IRQHandler
                0x00000000080032a8                USART3_IRQHandler
                0x00000000080032a8                CAN1_RX1_IRQHandler
                0x00000000080032a8                UART5_IRQHandler
                0x00000000080032a8                DMA2_Stream0_IRQHandler
                0x00000000080032a8                TIM4_IRQHandler
                0x00000000080032a8                QUADSPI_IRQHandler
                0x00000000080032a8                I2C1_EV_IRQHandler
                0x00000000080032a8                DMA1_Stream6_IRQHandler
                0x00000000080032a8                DMA1_Stream1_IRQHandler
                0x00000000080032a8                TIM3_IRQHandler
                0x00000000080032a8                RCC_IRQHandler
                0x00000000080032a8                TIM8_BRK_TIM12_IRQHandler
                0x00000000080032a8                Default_Handler
                0x00000000080032a8                CEC_IRQHandler
                0x00000000080032a8                EXTI15_10_IRQHandler
                0x00000000080032a8                ADC_IRQHandler
                0x00000000080032a8                DMA1_Stream7_IRQHandler
                0x00000000080032a8                TIM7_IRQHandler
                0x00000000080032a8                CAN2_TX_IRQHandler
                0x00000000080032a8                TIM5_IRQHandler
                0x00000000080032a8                DMA2_Stream7_IRQHandler
                0x00000000080032a8                I2C3_EV_IRQHandler
                0x00000000080032a8                EXTI9_5_IRQHandler
                0x00000000080032a8                RTC_WKUP_IRQHandler
                0x00000000080032a8                SPDIF_RX_IRQHandler
                0x00000000080032a8                SPI2_IRQHandler
                0x00000000080032a8                OTG_HS_EP1_IN_IRQHandler
                0x00000000080032a8                DMA1_Stream0_IRQHandler
                0x00000000080032a8                CAN1_TX_IRQHandler
                0x00000000080032a8                FMPI2C1_ER_IRQHandler
                0x00000000080032a8                EXTI4_IRQHandler
                0x00000000080032a8                OTG_HS_EP1_OUT_IRQHandler
                0x00000000080032a8                WWDG_IRQHandler
                0x00000000080032a8                TIM2_IRQHandler
                0x00000000080032a8                OTG_FS_WKUP_IRQHandler
                0x00000000080032a8                TIM1_TRG_COM_TIM11_IRQHandler
                0x00000000080032a8                OTG_HS_IRQHandler
                0x00000000080032a8                EXTI1_IRQHandler
                0x00000000080032a8                USART2_IRQHandler
                0x00000000080032a8                I2C2_ER_IRQHandler
                0x00000000080032a8                DMA2_Stream1_IRQHandler
                0x00000000080032a8                CAN1_SCE_IRQHandler
                0x00000000080032a8                FLASH_IRQHandler
                0x00000000080032a8                DMA2_Stream4_IRQHandler
                0x00000000080032a8                USART1_IRQHandler
                0x00000000080032a8                OTG_FS_IRQHandler
                0x00000000080032a8                SPI3_IRQHandler
                0x00000000080032a8                DMA1_Stream4_IRQHandler
                0x00000000080032a8                I2C1_ER_IRQHandler
                0x00000000080032a8                FMC_IRQHandler
                0x00000000080032a8                DMA2_Stream6_IRQHandler
                0x00000000080032a8                SAI1_IRQHandler
                0x00000000080032a8                DMA1_Stream3_IRQHandler
 .text.LL_GPIO_SetPinMode
                0x00000000080032aa       0x5e ./Drivers/STM32F4xx_HAL_Driver/Src/stm32f4xx_ll_gpio.o
 .text.LL_GPIO_SetPinOutputType
                0x0000000008003308       0x30 ./Drivers/STM32F4xx_HAL_Driver/Src/stm32f4xx_ll_gpio.o
 .text.LL_GPIO_SetPinSpeed
                0x0000000008003338       0x5e ./Drivers/STM32F4xx_HAL_Driver/Src/stm32f4xx_ll_gpio.o
 .text.LL_GPIO_SetPinPull
                0x0000000008003396       0x5e ./Drivers/STM32F4xx_HAL_Driver/Src/stm32f4xx_ll_gpio.o
 .text.LL_GPIO_SetAFPin_0_7
                0x00000000080033f4       0x5e ./Drivers/STM32F4xx_HAL_Driver/Src/stm32f4xx_ll_gpio.o
 .text.LL_GPIO_SetAFPin_8_15
                0x0000000008003452       0x62 ./Drivers/STM32F4xx_HAL_Driver/Src/stm32f4xx_ll_gpio.o
 .text.LL_GPIO_Init
                0x00000000080034b4       0xe6 ./Drivers/STM32F4xx_HAL_Driver/Src/stm32f4xx_ll_gpio.o
                0x00000000080034b4                LL_GPIO_Init
 *fill*         0x000000000800359a        0x2 
 .text.LL_RCC_GetSysClkSource
                0x000000000800359c       0x1c ./Drivers/STM32F4xx_HAL_Driver/Src/stm32f4xx_ll_rcc.o
 .text.LL_RCC_GetAHBPrescaler
                0x00000000080035b8       0x1c ./Drivers/STM32F4xx_HAL_Driver/Src/stm32f4xx_ll_rcc.o
 .text.LL_RCC_GetAPB1Prescaler
                0x00000000080035d4       0x1c ./Drivers/STM32F4xx_HAL_Driver/Src/stm32f4xx_ll_rcc.o
 .text.LL_RCC_GetAPB2Prescaler
                0x00000000080035f0       0x1c ./Drivers/STM32F4xx_HAL_Driver/Src/stm32f4xx_ll_rcc.o
 .text.LL_RCC_PLL_GetMainSource
                0x000000000800360c       0x1c ./Drivers/STM32F4xx_HAL_Driver/Src/stm32f4xx_ll_rcc.o
 .text.LL_RCC_PLL_GetN
                0x0000000008003628       0x1c ./Drivers/STM32F4xx_HAL_Driver/Src/stm32f4xx_ll_rcc.o
 .text.LL_RCC_PLL_GetP
                0x0000000008003644       0x1c ./Drivers/STM32F4xx_HAL_Driver/Src/stm32f4xx_ll_rcc.o
 .text.LL_RCC_PLL_GetR
                0x0000000008003660       0x1c ./Drivers/STM32F4xx_HAL_Driver/Src/stm32f4xx_ll_rcc.o
 .text.LL_RCC_PLL_GetDivider
                0x000000000800367c       0x1c ./Drivers/STM32F4xx_HAL_Driver/Src/stm32f4xx_ll_rcc.o
 .text.LL_RCC_GetSystemClocksFreq
                0x0000000008003698       0x4a ./Drivers/STM32F4xx_HAL_Driver/Src/stm32f4xx_ll_rcc.o
                0x0000000008003698                LL_RCC_GetSystemClocksFreq
 *fill*         0x00000000080036e2        0x2 
 .text.RCC_GetSystemClockFreq
                0x00000000080036e4       0x84 ./Drivers/STM32F4xx_HAL_Driver/Src/stm32f4xx_ll_rcc.o
                0x00000000080036e4                RCC_GetSystemClockFreq
 .text.RCC_GetHCLKClockFreq
                0x0000000008003768       0x2c ./Drivers/STM32F4xx_HAL_Driver/Src/stm32f4xx_ll_rcc.o
                0x0000000008003768                RCC_GetHCLKClockFreq
 .text.RCC_GetPCLK1ClockFreq
                0x0000000008003794       0x28 ./Drivers/STM32F4xx_HAL_Driver/Src/stm32f4xx_ll_rcc.o
                0x0000000008003794                RCC_GetPCLK1ClockFreq
 .text.RCC_GetPCLK2ClockFreq
                0x00000000080037bc       0x28 ./Drivers/STM32F4xx_HAL_Driver/Src/stm32f4xx_ll_rcc.o
                0x00000000080037bc                RCC_GetPCLK2ClockFreq
 .text.RCC_PLL_GetFreqDomain_SYS
                0x00000000080037e4       0xa0 ./Drivers/STM32F4xx_HAL_Driver/Src/stm32f4xx_ll_rcc.o
                0x00000000080037e4                RCC_PLL_GetFreqDomain_SYS
 .text.LL_TIM_SetPrescaler
                0x0000000008003884       0x1c ./Drivers/STM32F4xx_HAL_Driver/Src/stm32f4xx_ll_tim.o
 .text.LL_TIM_SetAutoReload
                0x00000000080038a0       0x1c ./Drivers/STM32F4xx_HAL_Driver/Src/stm32f4xx_ll_tim.o
 .text.LL_TIM_SetRepetitionCounter
                0x00000000080038bc       0x1c ./Drivers/STM32F4xx_HAL_Driver/Src/stm32f4xx_ll_tim.o
 .text.LL_TIM_GenerateEvent_UPDATE
                0x00000000080038d8       0x20 ./Drivers/STM32F4xx_HAL_Driver/Src/stm32f4xx_ll_tim.o
 .text.LL_TIM_Init
                0x00000000080038f8      0x134 ./Drivers/STM32F4xx_HAL_Driver/Src/stm32f4xx_ll_tim.o
                0x00000000080038f8                LL_TIM_Init
 .text.LL_USART_IsEnabled
                0x0000000008003a2c       0x28 ./Drivers/STM32F4xx_HAL_Driver/Src/stm32f4xx_ll_usart.o
 .text.LL_USART_SetStopBitsLength
                0x0000000008003a54       0x26 ./Drivers/STM32F4xx_HAL_Driver/Src/stm32f4xx_ll_usart.o
 .text.LL_USART_SetHWFlowCtrl
                0x0000000008003a7a       0x26 ./Drivers/STM32F4xx_HAL_Driver/Src/stm32f4xx_ll_usart.o
 .text.LL_USART_SetBaudRate
                0x0000000008003aa0      0x45c ./Drivers/STM32F4xx_HAL_Driver/Src/stm32f4xx_ll_usart.o
 .text.LL_USART_Init
                0x0000000008003efc      0x100 ./Drivers/STM32F4xx_HAL_Driver/Src/stm32f4xx_ll_usart.o
                0x0000000008003efc                LL_USART_Init
 .text.LL_InitTick
                0x0000000008003ffc       0x34 ./Drivers/STM32F4xx_HAL_Driver/Src/stm32f4xx_ll_utils.o
 .text.LL_Init1msTick
                0x0000000008004030       0x1a ./Drivers/STM32F4xx_HAL_Driver/Src/stm32f4xx_ll_utils.o
                0x0000000008004030                LL_Init1msTick
 *fill*         0x000000000800404a        0x2 
 .text.LL_SetSystemCoreClock
                0x000000000800404c       0x20 ./Drivers/STM32F4xx_HAL_Driver/Src/stm32f4xx_ll_utils.o
                0x000000000800404c                LL_SetSystemCoreClock
 .text.__libc_init_array
                0x000000000800406c       0x48 C:/ST/STM32CubeIDE_1.6.0/STM32CubeIDE/plugins/com.st.stm32cube.ide.mcu.externaltools.gnu-tools-for-stm32.11.3.rel1.win32_1.1.0.202305231506/tools/bin/../lib/gcc/arm-none-eabi/11.3.1/../../../../arm-none-eabi/lib/thumb/v7e-m+fp/hard\libc_nano.a(libc_a-init.o)
                0x000000000800406c                __libc_init_array
 .text.memcpy   0x00000000080040b4       0x1c C:/ST/STM32CubeIDE_1.6.0/STM32CubeIDE/plugins/com.st.stm32cube.ide.mcu.externaltools.gnu-tools-for-stm32.11.3.rel1.win32_1.1.0.202305231506/tools/bin/../lib/gcc/arm-none-eabi/11.3.1/../../../../arm-none-eabi/lib/thumb/v7e-m+fp/hard\libc_nano.a(libc_a-memcpy-stub.o)
                0x00000000080040b4                memcpy
 *(.glue_7)
 .glue_7        0x00000000080040d0        0x0 linker stubs
 *(.glue_7t)
 .glue_7t       0x00000000080040d0        0x0 linker stubs
 *(.eh_frame)
 .eh_frame      0x00000000080040d0        0x0 C:/ST/STM32CubeIDE_1.6.0/STM32CubeIDE/plugins/com.st.stm32cube.ide.mcu.externaltools.gnu-tools-for-stm32.11.3.rel1.win32_1.1.0.202305231506/tools/bin/../lib/gcc/arm-none-eabi/11.3.1/thumb/v7e-m+fp/hard/crtbegin.o
 *(.init)
 .init          0x00000000080040d0        0x4 C:/ST/STM32CubeIDE_1.6.0/STM32CubeIDE/plugins/com.st.stm32cube.ide.mcu.externaltools.gnu-tools-for-stm32.11.3.rel1.win32_1.1.0.202305231506/tools/bin/../lib/gcc/arm-none-eabi/11.3.1/thumb/v7e-m+fp/hard/crti.o
                0x00000000080040d0                _init
 .init          0x00000000080040d4        0x8 C:/ST/STM32CubeIDE_1.6.0/STM32CubeIDE/plugins/com.st.stm32cube.ide.mcu.externaltools.gnu-tools-for-stm32.11.3.rel1.win32_1.1.0.202305231506/tools/bin/../lib/gcc/arm-none-eabi/11.3.1/thumb/v7e-m+fp/hard/crtn.o
 *(.fini)
 .fini          0x00000000080040dc        0x4 C:/ST/STM32CubeIDE_1.6.0/STM32CubeIDE/plugins/com.st.stm32cube.ide.mcu.externaltools.gnu-tools-for-stm32.11.3.rel1.win32_1.1.0.202305231506/tools/bin/../lib/gcc/arm-none-eabi/11.3.1/thumb/v7e-m+fp/hard/crti.o
                0x00000000080040dc                _fini
 .fini          0x00000000080040e0        0x8 C:/ST/STM32CubeIDE_1.6.0/STM32CubeIDE/plugins/com.st.stm32cube.ide.mcu.externaltools.gnu-tools-for-stm32.11.3.rel1.win32_1.1.0.202305231506/tools/bin/../lib/gcc/arm-none-eabi/11.3.1/thumb/v7e-m+fp/hard/crtn.o
                0x00000000080040e8                . = ALIGN (0x4)
                0x00000000080040e8                _etext = .

.vfp11_veneer   0x00000000080040e8        0x0
 .vfp11_veneer  0x00000000080040e8        0x0 linker stubs

.v4_bx          0x00000000080040e8        0x0
 .v4_bx         0x00000000080040e8        0x0 linker stubs

.iplt           0x00000000080040e8        0x0
 .iplt          0x00000000080040e8        0x0 C:/ST/STM32CubeIDE_1.6.0/STM32CubeIDE/plugins/com.st.stm32cube.ide.mcu.externaltools.gnu-tools-for-stm32.11.3.rel1.win32_1.1.0.202305231506/tools/bin/../lib/gcc/arm-none-eabi/11.3.1/thumb/v7e-m+fp/hard/crtbegin.o

.rodata         0x00000000080040e8      0x230
                0x00000000080040e8                . = ALIGN (0x4)
 *(.rodata)
 .rodata        0x00000000080040e8      0x200 ./Core/Src/Protocol2.o
 *(.rodata*)
 .rodata.STREAM_OFFSET_TAB
                0x00000000080042e8        0x8 ./Core/Src/main.o
 .rodata.STREAM_OFFSET_TAB
                0x00000000080042f0        0x8 ./Core/Src/stm32f4xx_it.o
 .rodata.AHBPrescTable
                0x00000000080042f8       0x10 ./Core/Src/system_stm32f4xx.o
                0x00000000080042f8                AHBPrescTable
 .rodata.APBPrescTable
                0x0000000008004308        0x8 ./Core/Src/system_stm32f4xx.o
                0x0000000008004308                APBPrescTable
 .rodata.STREAM_OFFSET_TAB
                0x0000000008004310        0x8 ./Core/Src/usart.o
                0x0000000008004318                . = ALIGN (0x4)

.ARM.extab      0x0000000008004318        0x0
                0x0000000008004318                . = ALIGN (0x4)
 *(.ARM.extab* .gnu.linkonce.armextab.*)
                0x0000000008004318                . = ALIGN (0x4)

.ARM            0x0000000008004318        0x8
                0x0000000008004318                . = ALIGN (0x4)
                0x0000000008004318                __exidx_start = .
 *(.ARM.exidx*)
 .ARM.exidx     0x0000000008004318        0x8 C:/ST/STM32CubeIDE_1.6.0/STM32CubeIDE/plugins/com.st.stm32cube.ide.mcu.externaltools.gnu-tools-for-stm32.11.3.rel1.win32_1.1.0.202305231506/tools/bin/../lib/gcc/arm-none-eabi/11.3.1/thumb/v7e-m+fp/hard\libgcc.a(_udivmoddi4.o)
                0x0000000008004320                __exidx_end = .
                0x0000000008004320                . = ALIGN (0x4)

.rel.dyn        0x0000000008004320        0x0
 .rel.iplt      0x0000000008004320        0x0 C:/ST/STM32CubeIDE_1.6.0/STM32CubeIDE/plugins/com.st.stm32cube.ide.mcu.externaltools.gnu-tools-for-stm32.11.3.rel1.win32_1.1.0.202305231506/tools/bin/../lib/gcc/arm-none-eabi/11.3.1/thumb/v7e-m+fp/hard/crtbegin.o

.preinit_array  0x0000000008004320        0x0
                0x0000000008004320                . = ALIGN (0x4)
                0x0000000008004320                PROVIDE (__preinit_array_start = .)
 *(.preinit_array*)
                0x0000000008004320                PROVIDE (__preinit_array_end = .)
                0x0000000008004320                . = ALIGN (0x4)

.init_array     0x0000000008004320        0x4
                0x0000000008004320                . = ALIGN (0x4)
                0x0000000008004320                PROVIDE (__init_array_start = .)
 *(SORT_BY_NAME(.init_array.*))
 *(.init_array*)
 .init_array    0x0000000008004320        0x4 C:/ST/STM32CubeIDE_1.6.0/STM32CubeIDE/plugins/com.st.stm32cube.ide.mcu.externaltools.gnu-tools-for-stm32.11.3.rel1.win32_1.1.0.202305231506/tools/bin/../lib/gcc/arm-none-eabi/11.3.1/thumb/v7e-m+fp/hard/crtbegin.o
                0x0000000008004324                PROVIDE (__init_array_end = .)
                0x0000000008004324                . = ALIGN (0x4)

.fini_array     0x0000000008004324        0x4
                0x0000000008004324                . = ALIGN (0x4)
                [!provide]                        PROVIDE (__fini_array_start = .)
 *(SORT_BY_NAME(.fini_array.*))
 *(.fini_array*)
 .fini_array    0x0000000008004324        0x4 C:/ST/STM32CubeIDE_1.6.0/STM32CubeIDE/plugins/com.st.stm32cube.ide.mcu.externaltools.gnu-tools-for-stm32.11.3.rel1.win32_1.1.0.202305231506/tools/bin/../lib/gcc/arm-none-eabi/11.3.1/thumb/v7e-m+fp/hard/crtbegin.o
                [!provide]                        PROVIDE (__fini_array_end = .)
                0x0000000008004328                . = ALIGN (0x4)
                0x0000000008004328                _sidata = LOADADDR (.data)

.data           0x0000000020000000        0x4 load address 0x0000000008004328
                0x0000000020000000                . = ALIGN (0x4)
                0x0000000020000000                _sdata = .
 *(.data)
 *(.data*)
 .data.SystemCoreClock
                0x0000000020000000        0x4 ./Core/Src/system_stm32f4xx.o
                0x0000000020000000                SystemCoreClock
 *(.RamFunc)
 *(.RamFunc*)
                0x0000000020000004                . = ALIGN (0x4)
                0x0000000020000004                _edata = .

.igot.plt       0x0000000020000004        0x0 load address 0x000000000800432c
 .igot.plt      0x0000000020000004        0x0 C:/ST/STM32CubeIDE_1.6.0/STM32CubeIDE/plugins/com.st.stm32cube.ide.mcu.externaltools.gnu-tools-for-stm32.11.3.rel1.win32_1.1.0.202305231506/tools/bin/../lib/gcc/arm-none-eabi/11.3.1/thumb/v7e-m+fp/hard/crtbegin.o
                0x0000000020000004                . = ALIGN (0x4)

.bss            0x0000000020000008      0x1c4 load address 0x000000000800432c
                0x0000000020000008                _sbss = .
                0x0000000020000008                __bss_start__ = _sbss
 *(.bss)
 .bss           0x0000000020000008       0x1c C:/ST/STM32CubeIDE_1.6.0/STM32CubeIDE/plugins/com.st.stm32cube.ide.mcu.externaltools.gnu-tools-for-stm32.11.3.rel1.win32_1.1.0.202305231506/tools/bin/../lib/gcc/arm-none-eabi/11.3.1/thumb/v7e-m+fp/hard/crtbegin.o
 *(.bss*)
 *fill*         0x0000000020000024        0x4 
 .bss.ibus      0x0000000020000028       0xa8 ./Core/Src/main.o
                0x0000000020000028                ibus
 .bss.ibusRX    0x00000000200000d0       0x20 ./Core/Src/main.o
                0x00000000200000d0                ibusRX
 .bss.protocol2
                0x00000000200000f0       0xd8 ./Core/Src/main.o
                0x00000000200000f0                protocol2
 .bss.ibus_connect
                0x00000000200001c8        0x1 ./Core/Src/stm32f4xx_it.o
                0x00000000200001c8                ibus_connect
 *(COMMON)
                0x00000000200001cc                . = ALIGN (0x4)
 *fill*         0x00000000200001c9        0x3 
                0x00000000200001cc                _ebss = .
                0x00000000200001cc                __bss_end__ = _ebss

._user_heap_stack
                0x00000000200001cc      0x604 load address 0x000000000800432c
                0x00000000200001d0                . = ALIGN (0x8)
 *fill*         0x00000000200001cc        0x4 
                [!provide]                        PROVIDE (end = .)
                0x00000000200001d0                PROVIDE (_end = .)
                0x00000000200003d0                . = (. + _Min_Heap_Size)
 *fill*         0x00000000200001d0      0x200 
                0x00000000200007d0                . = (. + _Min_Stack_Size)
 *fill*         0x00000000200003d0      0x400 
                0x00000000200007d0                . = ALIGN (0x8)

/DISCARD/
 libc.a(*)
 libm.a(*)
 libgcc.a(*)

.ARM.attributes
                0x0000000000000000       0x30
 *(.ARM.attributes)
 .ARM.attributes
                0x0000000000000000       0x1e C:/ST/STM32CubeIDE_1.6.0/STM32CubeIDE/plugins/com.st.stm32cube.ide.mcu.externaltools.gnu-tools-for-stm32.11.3.rel1.win32_1.1.0.202305231506/tools/bin/../lib/gcc/arm-none-eabi/11.3.1/thumb/v7e-m+fp/hard/crti.o
 .ARM.attributes
                0x000000000000001e       0x34 C:/ST/STM32CubeIDE_1.6.0/STM32CubeIDE/plugins/com.st.stm32cube.ide.mcu.externaltools.gnu-tools-for-stm32.11.3.rel1.win32_1.1.0.202305231506/tools/bin/../lib/gcc/arm-none-eabi/11.3.1/thumb/v7e-m+fp/hard/crtbegin.o
 .ARM.attributes
                0x0000000000000052       0x34 ./Core/Src/Protocol2.o
 .ARM.attributes
                0x0000000000000086       0x34 ./Core/Src/dma.o
 .ARM.attributes
                0x00000000000000ba       0x34 ./Core/Src/gpio.o
 .ARM.attributes
                0x00000000000000ee       0x34 ./Core/Src/iBus.o
 .ARM.attributes
                0x0000000000000122       0x34 ./Core/Src/main.o
 .ARM.attributes
                0x0000000000000156       0x34 ./Core/Src/stm32f4xx_it.o
 .ARM.attributes
                0x000000000000018a       0x34 ./Core/Src/system_stm32f4xx.o
 .ARM.attributes
                0x00000000000001be       0x34 ./Core/Src/tim.o
 .ARM.attributes
                0x00000000000001f2       0x34 ./Core/Src/usart.o
 .ARM.attributes
                0x0000000000000226       0x21 ./Core/Startup/startup_stm32f446retx.o
 .ARM.attributes
                0x0000000000000247       0x34 ./Drivers/STM32F4xx_HAL_Driver/Src/stm32f4xx_ll_gpio.o
 .ARM.attributes
                0x000000000000027b       0x34 ./Drivers/STM32F4xx_HAL_Driver/Src/stm32f4xx_ll_rcc.o
 .ARM.attributes
                0x00000000000002af       0x34 ./Drivers/STM32F4xx_HAL_Driver/Src/stm32f4xx_ll_tim.o
 .ARM.attributes
                0x00000000000002e3       0x34 ./Drivers/STM32F4xx_HAL_Driver/Src/stm32f4xx_ll_usart.o
 .ARM.attributes
                0x0000000000000317       0x34 ./Drivers/STM32F4xx_HAL_Driver/Src/stm32f4xx_ll_utils.o
 .ARM.attributes
                0x000000000000034b       0x34 C:/ST/STM32CubeIDE_1.6.0/STM32CubeIDE/plugins/com.st.stm32cube.ide.mcu.externaltools.gnu-tools-for-stm32.11.3.rel1.win32_1.1.0.202305231506/tools/bin/../lib/gcc/arm-none-eabi/11.3.1/../../../../arm-none-eabi/lib/thumb/v7e-m+fp/hard\libc_nano.a(libc_a-init.o)
 .ARM.attributes
                0x000000000000037f       0x34 C:/ST/STM32CubeIDE_1.6.0/STM32CubeIDE/plugins/com.st.stm32cube.ide.mcu.externaltools.gnu-tools-for-stm32.11.3.rel1.win32_1.1.0.202305231506/tools/bin/../lib/gcc/arm-none-eabi/11.3.1/../../../../arm-none-eabi/lib/thumb/v7e-m+fp/hard\libc_nano.a(libc_a-memcpy-stub.o)
 .ARM.attributes
                0x00000000000003b3       0x1e C:/ST/STM32CubeIDE_1.6.0/STM32CubeIDE/plugins/com.st.stm32cube.ide.mcu.externaltools.gnu-tools-for-stm32.11.3.rel1.win32_1.1.0.202305231506/tools/bin/../lib/gcc/arm-none-eabi/11.3.1/thumb/v7e-m+fp/hard\libgcc.a(_arm_addsubdf3.o)
 .ARM.attributes
                0x00000000000003d1       0x1e C:/ST/STM32CubeIDE_1.6.0/STM32CubeIDE/plugins/com.st.stm32cube.ide.mcu.externaltools.gnu-tools-for-stm32.11.3.rel1.win32_1.1.0.202305231506/tools/bin/../lib/gcc/arm-none-eabi/11.3.1/thumb/v7e-m+fp/hard\libgcc.a(_arm_muldivdf3.o)
 .ARM.attributes
                0x00000000000003ef       0x1e C:/ST/STM32CubeIDE_1.6.0/STM32CubeIDE/plugins/com.st.stm32cube.ide.mcu.externaltools.gnu-tools-for-stm32.11.3.rel1.win32_1.1.0.202305231506/tools/bin/../lib/gcc/arm-none-eabi/11.3.1/thumb/v7e-m+fp/hard\libgcc.a(_arm_cmpdf2.o)
 .ARM.attributes
                0x000000000000040d       0x1e C:/ST/STM32CubeIDE_1.6.0/STM32CubeIDE/plugins/com.st.stm32cube.ide.mcu.externaltools.gnu-tools-for-stm32.11.3.rel1.win32_1.1.0.202305231506/tools/bin/../lib/gcc/arm-none-eabi/11.3.1/thumb/v7e-m+fp/hard\libgcc.a(_arm_fixdfsi.o)
 .ARM.attributes
                0x000000000000042b       0x1e C:/ST/STM32CubeIDE_1.6.0/STM32CubeIDE/plugins/com.st.stm32cube.ide.mcu.externaltools.gnu-tools-for-stm32.11.3.rel1.win32_1.1.0.202305231506/tools/bin/../lib/gcc/arm-none-eabi/11.3.1/thumb/v7e-m+fp/hard\libgcc.a(_aeabi_uldivmod.o)
 .ARM.attributes
                0x0000000000000449       0x34 C:/ST/STM32CubeIDE_1.6.0/STM32CubeIDE/plugins/com.st.stm32cube.ide.mcu.externaltools.gnu-tools-for-stm32.11.3.rel1.win32_1.1.0.202305231506/tools/bin/../lib/gcc/arm-none-eabi/11.3.1/thumb/v7e-m+fp/hard\libgcc.a(_udivmoddi4.o)
 .ARM.attributes
                0x000000000000047d       0x1e C:/ST/STM32CubeIDE_1.6.0/STM32CubeIDE/plugins/com.st.stm32cube.ide.mcu.externaltools.gnu-tools-for-stm32.11.3.rel1.win32_1.1.0.202305231506/tools/bin/../lib/gcc/arm-none-eabi/11.3.1/thumb/v7e-m+fp/hard\libgcc.a(_dvmd_tls.o)
 .ARM.attributes
                0x000000000000049b       0x1e C:/ST/STM32CubeIDE_1.6.0/STM32CubeIDE/plugins/com.st.stm32cube.ide.mcu.externaltools.gnu-tools-for-stm32.11.3.rel1.win32_1.1.0.202305231506/tools/bin/../lib/gcc/arm-none-eabi/11.3.1/thumb/v7e-m+fp/hard/crtn.o
OUTPUT(firmware_M.elf elf32-littlearm)
LOAD linker stubs
LOAD C:/ST/STM32CubeIDE_1.6.0/STM32CubeIDE/plugins/com.st.stm32cube.ide.mcu.externaltools.gnu-tools-for-stm32.11.3.rel1.win32_1.1.0.202305231506/tools/bin/../lib/gcc/arm-none-eabi/11.3.1/../../../../arm-none-eabi/lib/thumb/v7e-m+fp/hard\libc.a
LOAD C:/ST/STM32CubeIDE_1.6.0/STM32CubeIDE/plugins/com.st.stm32cube.ide.mcu.externaltools.gnu-tools-for-stm32.11.3.rel1.win32_1.1.0.202305231506/tools/bin/../lib/gcc/arm-none-eabi/11.3.1/../../../../arm-none-eabi/lib/thumb/v7e-m+fp/hard\libm.a
LOAD C:/ST/STM32CubeIDE_1.6.0/STM32CubeIDE/plugins/com.st.stm32cube.ide.mcu.externaltools.gnu-tools-for-stm32.11.3.rel1.win32_1.1.0.202305231506/tools/bin/../lib/gcc/arm-none-eabi/11.3.1/thumb/v7e-m+fp/hard\libgcc.a

.comment        0x0000000000000000       0x43
 .comment       0x0000000000000000       0x43 C:/ST/STM32CubeIDE_1.6.0/STM32CubeIDE/plugins/com.st.stm32cube.ide.mcu.externaltools.gnu-tools-for-stm32.11.3.rel1.win32_1.1.0.202305231506/tools/bin/../lib/gcc/arm-none-eabi/11.3.1/thumb/v7e-m+fp/hard/crtbegin.o
                                         0x44 (size before relaxing)
 .comment       0x0000000000000043       0x44 ./Core/Src/Protocol2.o
 .comment       0x0000000000000043       0x44 ./Core/Src/dma.o
 .comment       0x0000000000000043       0x44 ./Core/Src/gpio.o
 .comment       0x0000000000000043       0x44 ./Core/Src/iBus.o
 .comment       0x0000000000000043       0x44 ./Core/Src/main.o
 .comment       0x0000000000000043       0x44 ./Core/Src/stm32f4xx_it.o
 .comment       0x0000000000000043       0x44 ./Core/Src/system_stm32f4xx.o
 .comment       0x0000000000000043       0x44 ./Core/Src/tim.o
 .comment       0x0000000000000043       0x44 ./Core/Src/usart.o
 .comment       0x0000000000000043       0x44 ./Drivers/STM32F4xx_HAL_Driver/Src/stm32f4xx_ll_gpio.o
 .comment       0x0000000000000043       0x44 ./Drivers/STM32F4xx_HAL_Driver/Src/stm32f4xx_ll_rcc.o
 .comment       0x0000000000000043       0x44 ./Drivers/STM32F4xx_HAL_Driver/Src/stm32f4xx_ll_tim.o
 .comment       0x0000000000000043       0x44 ./Drivers/STM32F4xx_HAL_Driver/Src/stm32f4xx_ll_usart.o
 .comment       0x0000000000000043       0x44 ./Drivers/STM32F4xx_HAL_Driver/Src/stm32f4xx_ll_utils.o

.debug_info     0x0000000000000000     0x8af8
 .debug_info    0x0000000000000000      0x649 ./Core/Src/Protocol2.o
 .debug_info    0x0000000000000649      0x9ba ./Core/Src/dma.o
 .debug_info    0x0000000000001003      0x340 ./Core/Src/gpio.o
 .debug_info    0x0000000000001343      0x4fc ./Core/Src/iBus.o
 .debug_info    0x000000000000183f     0x14fc ./Core/Src/main.o
 .debug_info    0x0000000000002d3b      0x887 ./Core/Src/stm32f4xx_it.o
 .debug_info    0x00000000000035c2      0x543 ./Core/Src/system_stm32f4xx.o
 .debug_info    0x0000000000003b05      0xc3b ./Core/Src/tim.o
 .debug_info    0x0000000000004740     0x104e ./Core/Src/usart.o
 .debug_info    0x000000000000578e       0x23 ./Core/Startup/startup_stm32f446retx.o
 .debug_info    0x00000000000057b1      0x7e3 ./Drivers/STM32F4xx_HAL_Driver/Src/stm32f4xx_ll_gpio.o
 .debug_info    0x0000000000005f94      0xbf2 ./Drivers/STM32F4xx_HAL_Driver/Src/stm32f4xx_ll_rcc.o
 .debug_info    0x0000000000006b86      0xf32 ./Drivers/STM32F4xx_HAL_Driver/Src/stm32f4xx_ll_tim.o
 .debug_info    0x0000000000007ab8      0x6fd ./Drivers/STM32F4xx_HAL_Driver/Src/stm32f4xx_ll_usart.o
 .debug_info    0x00000000000081b5      0x943 ./Drivers/STM32F4xx_HAL_Driver/Src/stm32f4xx_ll_utils.o

.debug_abbrev   0x0000000000000000     0x1a2e
 .debug_abbrev  0x0000000000000000      0x1e2 ./Core/Src/Protocol2.o
 .debug_abbrev  0x00000000000001e2      0x198 ./Core/Src/dma.o
 .debug_abbrev  0x000000000000037a      0x103 ./Core/Src/gpio.o
 .debug_abbrev  0x000000000000047d      0x143 ./Core/Src/iBus.o
 .debug_abbrev  0x00000000000005c0      0x31c ./Core/Src/main.o
 .debug_abbrev  0x00000000000008dc      0x21c ./Core/Src/stm32f4xx_it.o
 .debug_abbrev  0x0000000000000af8      0x11a ./Core/Src/system_stm32f4xx.o
 .debug_abbrev  0x0000000000000c12      0x1e6 ./Core/Src/tim.o
 .debug_abbrev  0x0000000000000df8      0x1f9 ./Core/Src/usart.o
 .debug_abbrev  0x0000000000000ff1       0x12 ./Core/Startup/startup_stm32f446retx.o
 .debug_abbrev  0x0000000000001003      0x220 ./Drivers/STM32F4xx_HAL_Driver/Src/stm32f4xx_ll_gpio.o
 .debug_abbrev  0x0000000000001223      0x1ee ./Drivers/STM32F4xx_HAL_Driver/Src/stm32f4xx_ll_rcc.o
 .debug_abbrev  0x0000000000001411      0x20f ./Drivers/STM32F4xx_HAL_Driver/Src/stm32f4xx_ll_tim.o
 .debug_abbrev  0x0000000000001620      0x1eb ./Drivers/STM32F4xx_HAL_Driver/Src/stm32f4xx_ll_usart.o
 .debug_abbrev  0x000000000000180b      0x223 ./Drivers/STM32F4xx_HAL_Driver/Src/stm32f4xx_ll_utils.o

.debug_aranges  0x0000000000000000      0x9c0
 .debug_aranges
                0x0000000000000000       0x70 ./Core/Src/Protocol2.o
 .debug_aranges
                0x0000000000000070       0x48 ./Core/Src/dma.o
 .debug_aranges
                0x00000000000000b8       0x28 ./Core/Src/gpio.o
 .debug_aranges
                0x00000000000000e0       0x60 ./Core/Src/iBus.o
 .debug_aranges
                0x0000000000000140      0x128 ./Core/Src/main.o
 .debug_aranges
                0x0000000000000268       0xd0 ./Core/Src/stm32f4xx_it.o
 .debug_aranges
                0x0000000000000338       0x28 ./Core/Src/system_stm32f4xx.o
 .debug_aranges
                0x0000000000000360       0x60 ./Core/Src/tim.o
 .debug_aranges
                0x00000000000003c0       0xb8 ./Core/Src/usart.o
 .debug_aranges
                0x0000000000000478       0x28 ./Core/Startup/startup_stm32f446retx.o
 .debug_aranges
                0x00000000000004a0       0x70 ./Drivers/STM32F4xx_HAL_Driver/Src/stm32f4xx_ll_gpio.o
 .debug_aranges
                0x0000000000000510      0x200 ./Drivers/STM32F4xx_HAL_Driver/Src/stm32f4xx_ll_rcc.o
 .debug_aranges
                0x0000000000000710      0x128 ./Drivers/STM32F4xx_HAL_Driver/Src/stm32f4xx_ll_tim.o
 .debug_aranges
                0x0000000000000838       0x88 ./Drivers/STM32F4xx_HAL_Driver/Src/stm32f4xx_ll_usart.o
 .debug_aranges
                0x00000000000008c0      0x100 ./Drivers/STM32F4xx_HAL_Driver/Src/stm32f4xx_ll_utils.o

.debug_rnglists
                0x0000000000000000      0x72b
 .debug_rnglists
                0x0000000000000000       0x52 ./Core/Src/Protocol2.o
 .debug_rnglists
                0x0000000000000052       0x31 ./Core/Src/dma.o
 .debug_rnglists
                0x0000000000000083       0x19 ./Core/Src/gpio.o
 .debug_rnglists
                0x000000000000009c       0x48 ./Core/Src/iBus.o
 .debug_rnglists
                0x00000000000000e4       0xdb ./Core/Src/main.o
 .debug_rnglists
                0x00000000000001bf       0x97 ./Core/Src/stm32f4xx_it.o
 .debug_rnglists
                0x0000000000000256       0x1a ./Core/Src/system_stm32f4xx.o
 .debug_rnglists
                0x0000000000000270       0x43 ./Core/Src/tim.o
 .debug_rnglists
                0x00000000000002b3       0x88 ./Core/Src/usart.o
 .debug_rnglists
                0x000000000000033b       0x19 ./Core/Startup/startup_stm32f446retx.o
 .debug_rnglists
                0x0000000000000354       0x51 ./Drivers/STM32F4xx_HAL_Driver/Src/stm32f4xx_ll_gpio.o
 .debug_rnglists
                0x00000000000003a5      0x180 ./Drivers/STM32F4xx_HAL_Driver/Src/stm32f4xx_ll_rcc.o
 .debug_rnglists
                0x0000000000000525       0xe4 ./Drivers/STM32F4xx_HAL_Driver/Src/stm32f4xx_ll_tim.o
 .debug_rnglists
                0x0000000000000609       0x64 ./Drivers/STM32F4xx_HAL_Driver/Src/stm32f4xx_ll_usart.o
 .debug_rnglists
                0x000000000000066d       0xbe ./Drivers/STM32F4xx_HAL_Driver/Src/stm32f4xx_ll_utils.o

.debug_macro    0x0000000000000000    0x1d3b4
 .debug_macro   0x0000000000000000      0x15e ./Core/Src/Protocol2.o
 .debug_macro   0x000000000000015e      0xaea ./Core/Src/Protocol2.o
 .debug_macro   0x0000000000000c48       0x2e ./Core/Src/Protocol2.o
 .debug_macro   0x0000000000000c76       0x28 ./Core/Src/Protocol2.o
 .debug_macro   0x0000000000000c9e       0x22 ./Core/Src/Protocol2.o
 .debug_macro   0x0000000000000cc0       0x8e ./Core/Src/Protocol2.o
 .debug_macro   0x0000000000000d4e       0x51 ./Core/Src/Protocol2.o
 .debug_macro   0x0000000000000d9f      0x103 ./Core/Src/Protocol2.o
 .debug_macro   0x0000000000000ea2       0x6a ./Core/Src/Protocol2.o
 .debug_macro   0x0000000000000f0c      0x1df ./Core/Src/Protocol2.o
 .debug_macro   0x00000000000010eb       0x1c ./Core/Src/Protocol2.o
 .debug_macro   0x0000000000001107       0x22 ./Core/Src/Protocol2.o
 .debug_macro   0x0000000000001129       0xd9 ./Core/Src/Protocol2.o
 .debug_macro   0x0000000000001202     0x102d ./Core/Src/Protocol2.o
 .debug_macro   0x000000000000222f      0x11f ./Core/Src/Protocol2.o
 .debug_macro   0x000000000000234e    0x16749 ./Core/Src/Protocol2.o
 .debug_macro   0x0000000000018a97       0x6d ./Core/Src/Protocol2.o
 .debug_macro   0x0000000000018b04      0x1e0 ./Core/Src/Protocol2.o
 .debug_macro   0x0000000000018ce4      0xd69 ./Core/Src/Protocol2.o
 .debug_macro   0x0000000000019a4d      0x1db ./Core/Src/Protocol2.o
 .debug_macro   0x0000000000019c28      0x21c ./Core/Src/Protocol2.o
 .debug_macro   0x0000000000019e44       0xe8 ./Core/Src/Protocol2.o
 .debug_macro   0x0000000000019f2c      0x1a6 ./Core/Src/Protocol2.o
 .debug_macro   0x000000000001a0d2       0x61 ./Core/Src/Protocol2.o
 .debug_macro   0x000000000001a133       0xd5 ./Core/Src/Protocol2.o
 .debug_macro   0x000000000001a208      0x5fa ./Core/Src/Protocol2.o
 .debug_macro   0x000000000001a802      0x1bb ./Core/Src/Protocol2.o
 .debug_macro   0x000000000001a9bd      0x149 ./Core/Src/Protocol2.o
 .debug_macro   0x000000000001ab06       0x22 ./Core/Src/Protocol2.o
 .debug_macro   0x000000000001ab28       0x5e ./Core/Src/Protocol2.o
 .debug_macro   0x000000000001ab86       0x46 ./Core/Src/Protocol2.o
 .debug_macro   0x000000000001abcc      0x150 ./Core/Src/dma.o
 .debug_macro   0x000000000001ad1c      0x150 ./Core/Src/gpio.o
 .debug_macro   0x000000000001ae6c      0x155 ./Core/Src/iBus.o
 .debug_macro   0x000000000001afc1       0x58 ./Core/Src/iBus.o
 .debug_macro   0x000000000001b019      0x18e ./Core/Src/main.o
 .debug_macro   0x000000000001b1a7      0x176 ./Core/Src/stm32f4xx_it.o
 .debug_macro   0x000000000001b31d       0xce ./Core/Src/system_stm32f4xx.o
 .debug_macro   0x000000000001b3eb      0x150 ./Core/Src/tim.o
 .debug_macro   0x000000000001b53b      0x150 ./Core/Src/usart.o
 .debug_macro   0x000000000001b68b      0x110 ./Drivers/STM32F4xx_HAL_Driver/Src/stm32f4xx_ll_gpio.o
 .debug_macro   0x000000000001b79b      0x143 ./Drivers/STM32F4xx_HAL_Driver/Src/stm32f4xx_ll_gpio.o
 .debug_macro   0x000000000001b8de      0x10d ./Drivers/STM32F4xx_HAL_Driver/Src/stm32f4xx_ll_rcc.o
 .debug_macro   0x000000000001b9eb      0xd63 ./Drivers/STM32F4xx_HAL_Driver/Src/stm32f4xx_ll_rcc.o
 .debug_macro   0x000000000001c74e      0x159 ./Drivers/STM32F4xx_HAL_Driver/Src/stm32f4xx_ll_tim.o
 .debug_macro   0x000000000001c8a7      0x5f4 ./Drivers/STM32F4xx_HAL_Driver/Src/stm32f4xx_ll_tim.o
 .debug_macro   0x000000000001ce9b      0x13d ./Drivers/STM32F4xx_HAL_Driver/Src/stm32f4xx_ll_usart.o
 .debug_macro   0x000000000001cfd8      0x1b5 ./Drivers/STM32F4xx_HAL_Driver/Src/stm32f4xx_ll_usart.o
 .debug_macro   0x000000000001d18d      0x1cc ./Drivers/STM32F4xx_HAL_Driver/Src/stm32f4xx_ll_utils.o
 .debug_macro   0x000000000001d359       0x5b ./Drivers/STM32F4xx_HAL_Driver/Src/stm32f4xx_ll_utils.o

.debug_line     0x0000000000000000     0x7dc8
 .debug_line    0x0000000000000000      0x87b ./Core/Src/Protocol2.o
 .debug_line    0x000000000000087b      0x713 ./Core/Src/dma.o
 .debug_line    0x0000000000000f8e      0x63b ./Core/Src/gpio.o
 .debug_line    0x00000000000015c9      0x914 ./Core/Src/iBus.o
 .debug_line    0x0000000000001edd      0xb67 ./Core/Src/main.o
 .debug_line    0x0000000000002a44      0x8a1 ./Core/Src/stm32f4xx_it.o
 .debug_line    0x00000000000032e5      0x56e ./Core/Src/system_stm32f4xx.o
 .debug_line    0x0000000000003853      0x773 ./Core/Src/tim.o
 .debug_line    0x0000000000003fc6      0x941 ./Core/Src/usart.o
 .debug_line    0x0000000000004907       0x7a ./Core/Startup/startup_stm32f446retx.o
 .debug_line    0x0000000000004981      0x7da ./Drivers/STM32F4xx_HAL_Driver/Src/stm32f4xx_ll_gpio.o
 .debug_line    0x000000000000515b      0xf12 ./Drivers/STM32F4xx_HAL_Driver/Src/stm32f4xx_ll_rcc.o
 .debug_line    0x000000000000606d      0xb60 ./Drivers/STM32F4xx_HAL_Driver/Src/stm32f4xx_ll_tim.o
 .debug_line    0x0000000000006bcd      0x76f ./Drivers/STM32F4xx_HAL_Driver/Src/stm32f4xx_ll_usart.o
 .debug_line    0x000000000000733c      0xa8c ./Drivers/STM32F4xx_HAL_Driver/Src/stm32f4xx_ll_utils.o

.debug_str      0x0000000000000000    0xa35aa
 .debug_str     0x0000000000000000    0x9e089 ./Core/Src/Protocol2.o
                                      0x9e234 (size before relaxing)
 .debug_str     0x000000000009e089      0x78e ./Core/Src/dma.o
                                      0x9e594 (size before relaxing)
 .debug_str     0x000000000009e817       0x2c ./Core/Src/gpio.o
                                      0x9df07 (size before relaxing)
 .debug_str     0x000000000009e843       0xda ./Core/Src/iBus.o
                                      0x9e038 (size before relaxing)
 .debug_str     0x000000000009e91d      0x453 ./Core/Src/main.o
                                      0x9ed6a (size before relaxing)
 .debug_str     0x000000000009ed70      0x1ec ./Core/Src/stm32f4xx_it.o
                                      0x9e3a1 (size before relaxing)
 .debug_str     0x000000000009ef5c       0x77 ./Core/Src/system_stm32f4xx.o
                                      0x8b08f (size before relaxing)
 .debug_str     0x000000000009efd3       0xe3 ./Core/Src/tim.o
                                      0x9e6e0 (size before relaxing)
 .debug_str     0x000000000009f0b6      0x208 ./Core/Src/usart.o
                                      0x9e8a1 (size before relaxing)
 .debug_str     0x000000000009f2be       0x34 ./Core/Startup/startup_stm32f446retx.o
                                         0x5f (size before relaxing)
 .debug_str     0x000000000009f2f2      0x68a ./Drivers/STM32F4xx_HAL_Driver/Src/stm32f4xx_ll_gpio.o
                                      0x8ca8d (size before relaxing)
 .debug_str     0x000000000009f97c      0x978 ./Drivers/STM32F4xx_HAL_Driver/Src/stm32f4xx_ll_rcc.o
                                      0x9559c (size before relaxing)
 .debug_str     0x00000000000a02f4     0x1319 ./Drivers/STM32F4xx_HAL_Driver/Src/stm32f4xx_ll_tim.o
                                      0x901d7 (size before relaxing)
 .debug_str     0x00000000000a160d      0x7db ./Drivers/STM32F4xx_HAL_Driver/Src/stm32f4xx_ll_usart.o
                                      0x96f33 (size before relaxing)
 .debug_str     0x00000000000a1de8     0x17c2 ./Drivers/STM32F4xx_HAL_Driver/Src/stm32f4xx_ll_utils.o
                                      0x97c98 (size before relaxing)

.debug_frame    0x0000000000000000     0x29b0
 .debug_frame   0x0000000000000000      0x1b8 ./Core/Src/Protocol2.o
 .debug_frame   0x00000000000001b8       0xec ./Core/Src/dma.o
 .debug_frame   0x00000000000002a4       0x54 ./Core/Src/gpio.o
 .debug_frame   0x00000000000002f8      0x168 ./Core/Src/iBus.o
 .debug_frame   0x0000000000000460      0x4f4 ./Core/Src/main.o
 .debug_frame   0x0000000000000954      0x318 ./Core/Src/stm32f4xx_it.o
 .debug_frame   0x0000000000000c6c       0x58 ./Core/Src/system_stm32f4xx.o
 .debug_frame   0x0000000000000cc4      0x16c ./Core/Src/tim.o
 .debug_frame   0x0000000000000e30      0x31c ./Core/Src/usart.o
 .debug_frame   0x000000000000114c      0x1c0 ./Drivers/STM32F4xx_HAL_Driver/Src/stm32f4xx_ll_gpio.o
 .debug_frame   0x000000000000130c      0x87c ./Drivers/STM32F4xx_HAL_Driver/Src/stm32f4xx_ll_rcc.o
 .debug_frame   0x0000000000001b88      0x538 ./Drivers/STM32F4xx_HAL_Driver/Src/stm32f4xx_ll_tim.o
 .debug_frame   0x00000000000020c0      0x240 ./Drivers/STM32F4xx_HAL_Driver/Src/stm32f4xx_ll_usart.o
 .debug_frame   0x0000000000002300      0x418 ./Drivers/STM32F4xx_HAL_Driver/Src/stm32f4xx_ll_utils.o
 .debug_frame   0x0000000000002718       0x2c C:/ST/STM32CubeIDE_1.6.0/STM32CubeIDE/plugins/com.st.stm32cube.ide.mcu.externaltools.gnu-tools-for-stm32.11.3.rel1.win32_1.1.0.202305231506/tools/bin/../lib/gcc/arm-none-eabi/11.3.1/../../../../arm-none-eabi/lib/thumb/v7e-m+fp/hard\libc_nano.a(libc_a-init.o)
 .debug_frame   0x0000000000002744       0x28 C:/ST/STM32CubeIDE_1.6.0/STM32CubeIDE/plugins/com.st.stm32cube.ide.mcu.externaltools.gnu-tools-for-stm32.11.3.rel1.win32_1.1.0.202305231506/tools/bin/../lib/gcc/arm-none-eabi/11.3.1/../../../../arm-none-eabi/lib/thumb/v7e-m+fp/hard\libc_nano.a(libc_a-memcpy-stub.o)
 .debug_frame   0x000000000000276c       0xac C:/ST/STM32CubeIDE_1.6.0/STM32CubeIDE/plugins/com.st.stm32cube.ide.mcu.externaltools.gnu-tools-for-stm32.11.3.rel1.win32_1.1.0.202305231506/tools/bin/../lib/gcc/arm-none-eabi/11.3.1/thumb/v7e-m+fp/hard\libgcc.a(_arm_addsubdf3.o)
 .debug_frame   0x0000000000002818       0x50 C:/ST/STM32CubeIDE_1.6.0/STM32CubeIDE/plugins/com.st.stm32cube.ide.mcu.externaltools.gnu-tools-for-stm32.11.3.rel1.win32_1.1.0.202305231506/tools/bin/../lib/gcc/arm-none-eabi/11.3.1/thumb/v7e-m+fp/hard\libgcc.a(_arm_muldivdf3.o)
 .debug_frame   0x0000000000002868       0xc4 C:/ST/STM32CubeIDE_1.6.0/STM32CubeIDE/plugins/com.st.stm32cube.ide.mcu.externaltools.gnu-tools-for-stm32.11.3.rel1.win32_1.1.0.202305231506/tools/bin/../lib/gcc/arm-none-eabi/11.3.1/thumb/v7e-m+fp/hard\libgcc.a(_arm_cmpdf2.o)
 .debug_frame   0x000000000000292c       0x24 C:/ST/STM32CubeIDE_1.6.0/STM32CubeIDE/plugins/com.st.stm32cube.ide.mcu.externaltools.gnu-tools-for-stm32.11.3.rel1.win32_1.1.0.202305231506/tools/bin/../lib/gcc/arm-none-eabi/11.3.1/thumb/v7e-m+fp/hard\libgcc.a(_arm_fixdfsi.o)
 .debug_frame   0x0000000000002950       0x2c C:/ST/STM32CubeIDE_1.6.0/STM32CubeIDE/plugins/com.st.stm32cube.ide.mcu.externaltools.gnu-tools-for-stm32.11.3.rel1.win32_1.1.0.202305231506/tools/bin/../lib/gcc/arm-none-eabi/11.3.1/thumb/v7e-m+fp/hard\libgcc.a(_aeabi_uldivmod.o)
 .debug_frame   0x000000000000297c       0x34 C:/ST/STM32CubeIDE_1.6.0/STM32CubeIDE/plugins/com.st.stm32cube.ide.mcu.externaltools.gnu-tools-for-stm32.11.3.rel1.win32_1.1.0.202305231506/tools/bin/../lib/gcc/arm-none-eabi/11.3.1/thumb/v7e-m+fp/hard\libgcc.a(_udivmoddi4.o)

.debug_line_str
                0x0000000000000000       0x53
 .debug_line_str
                0x0000000000000000       0x53 ./Core/Startup/startup_stm32f446retx.o
                                         0x6b (size before relaxing)
