Archive member included to satisfy reference by file (symbol)

C:/ST/STM32CubeIDE_1.6.0/STM32CubeIDE/plugins/com.st.stm32cube.ide.mcu.externaltools.gnu-tools-for-stm32.11.3.rel1.win32_1.1.0.202305231506/tools/bin/../lib/gcc/arm-none-eabi/11.3.1/../../../../arm-none-eabi/lib/thumb/v7e-m+fp/hard\libc_nano.a(libc_a-exit.o)
                              C:/ST/STM32CubeIDE_1.6.0/STM32CubeIDE/plugins/com.st.stm32cube.ide.mcu.externaltools.gnu-tools-for-stm32.11.3.rel1.win32_1.1.0.202305231506/tools/bin/../lib/gcc/arm-none-eabi/11.3.1/../../../../arm-none-eabi/lib/thumb/v7e-m+fp/hard/crt0.o (exit)
C:/ST/STM32CubeIDE_1.6.0/STM32CubeIDE/plugins/com.st.stm32cube.ide.mcu.externaltools.gnu-tools-for-stm32.11.3.rel1.win32_1.1.0.202305231506/tools/bin/../lib/gcc/arm-none-eabi/11.3.1/../../../../arm-none-eabi/lib/thumb/v7e-m+fp/hard\libc_nano.a(libc_a-findfp.o)
                              C:/ST/STM32CubeIDE_1.6.0/STM32CubeIDE/plugins/com.st.stm32cube.ide.mcu.externaltools.gnu-tools-for-stm32.11.3.rel1.win32_1.1.0.202305231506/tools/bin/../lib/gcc/arm-none-eabi/11.3.1/../../../../arm-none-eabi/lib/thumb/v7e-m+fp/hard\libc_nano.a(libc_a-exit.o) (__stdio_exit_handler)
C:/ST/STM32CubeIDE_1.6.0/STM32CubeIDE/plugins/com.st.stm32cube.ide.mcu.externaltools.gnu-tools-for-stm32.11.3.rel1.win32_1.1.0.202305231506/tools/bin/../lib/gcc/arm-none-eabi/11.3.1/../../../../arm-none-eabi/lib/thumb/v7e-m+fp/hard\libc_nano.a(libc_a-fwalk.o)
                              C:/ST/STM32CubeIDE_1.6.0/STM32CubeIDE/plugins/com.st.stm32cube.ide.mcu.externaltools.gnu-tools-for-stm32.11.3.rel1.win32_1.1.0.202305231506/tools/bin/../lib/gcc/arm-none-eabi/11.3.1/../../../../arm-none-eabi/lib/thumb/v7e-m+fp/hard\libc_nano.a(libc_a-findfp.o) (_fwalk_sglue)
C:/ST/STM32CubeIDE_1.6.0/STM32CubeIDE/plugins/com.st.stm32cube.ide.mcu.externaltools.gnu-tools-for-stm32.11.3.rel1.win32_1.1.0.202305231506/tools/bin/../lib/gcc/arm-none-eabi/11.3.1/../../../../arm-none-eabi/lib/thumb/v7e-m+fp/hard\libc_nano.a(libc_a-stdio.o)
                              C:/ST/STM32CubeIDE_1.6.0/STM32CubeIDE/plugins/com.st.stm32cube.ide.mcu.externaltools.gnu-tools-for-stm32.11.3.rel1.win32_1.1.0.202305231506/tools/bin/../lib/gcc/arm-none-eabi/11.3.1/../../../../arm-none-eabi/lib/thumb/v7e-m+fp/hard\libc_nano.a(libc_a-findfp.o) (__sread)
C:/ST/STM32CubeIDE_1.6.0/STM32CubeIDE/plugins/com.st.stm32cube.ide.mcu.externaltools.gnu-tools-for-stm32.11.3.rel1.win32_1.1.0.202305231506/tools/bin/../lib/gcc/arm-none-eabi/11.3.1/../../../../arm-none-eabi/lib/thumb/v7e-m+fp/hard\libc_nano.a(libc_a-memset.o)
                              C:/ST/STM32CubeIDE_1.6.0/STM32CubeIDE/plugins/com.st.stm32cube.ide.mcu.externaltools.gnu-tools-for-stm32.11.3.rel1.win32_1.1.0.202305231506/tools/bin/../lib/gcc/arm-none-eabi/11.3.1/../../../../arm-none-eabi/lib/thumb/v7e-m+fp/hard/crt0.o (memset)
C:/ST/STM32CubeIDE_1.6.0/STM32CubeIDE/plugins/com.st.stm32cube.ide.mcu.externaltools.gnu-tools-for-stm32.11.3.rel1.win32_1.1.0.202305231506/tools/bin/../lib/gcc/arm-none-eabi/11.3.1/../../../../arm-none-eabi/lib/thumb/v7e-m+fp/hard\libc_nano.a(libc_a-closer.o)
                              C:/ST/STM32CubeIDE_1.6.0/STM32CubeIDE/plugins/com.st.stm32cube.ide.mcu.externaltools.gnu-tools-for-stm32.11.3.rel1.win32_1.1.0.202305231506/tools/bin/../lib/gcc/arm-none-eabi/11.3.1/../../../../arm-none-eabi/lib/thumb/v7e-m+fp/hard\libc_nano.a(libc_a-stdio.o) (_close_r)
C:/ST/STM32CubeIDE_1.6.0/STM32CubeIDE/plugins/com.st.stm32cube.ide.mcu.externaltools.gnu-tools-for-stm32.11.3.rel1.win32_1.1.0.202305231506/tools/bin/../lib/gcc/arm-none-eabi/11.3.1/../../../../arm-none-eabi/lib/thumb/v7e-m+fp/hard\libc_nano.a(libc_a-reent.o)
                              C:/ST/STM32CubeIDE_1.6.0/STM32CubeIDE/plugins/com.st.stm32cube.ide.mcu.externaltools.gnu-tools-for-stm32.11.3.rel1.win32_1.1.0.202305231506/tools/bin/../lib/gcc/arm-none-eabi/11.3.1/../../../../arm-none-eabi/lib/thumb/v7e-m+fp/hard\libc_nano.a(libc_a-closer.o) (errno)
C:/ST/STM32CubeIDE_1.6.0/STM32CubeIDE/plugins/com.st.stm32cube.ide.mcu.externaltools.gnu-tools-for-stm32.11.3.rel1.win32_1.1.0.202305231506/tools/bin/../lib/gcc/arm-none-eabi/11.3.1/../../../../arm-none-eabi/lib/thumb/v7e-m+fp/hard\libc_nano.a(libc_a-impure.o)
                              C:/ST/STM32CubeIDE_1.6.0/STM32CubeIDE/plugins/com.st.stm32cube.ide.mcu.externaltools.gnu-tools-for-stm32.11.3.rel1.win32_1.1.0.202305231506/tools/bin/../lib/gcc/arm-none-eabi/11.3.1/../../../../arm-none-eabi/lib/thumb/v7e-m+fp/hard\libc_nano.a(libc_a-reent.o) (_impure_ptr)
C:/ST/STM32CubeIDE_1.6.0/STM32CubeIDE/plugins/com.st.stm32cube.ide.mcu.externaltools.gnu-tools-for-stm32.11.3.rel1.win32_1.1.0.202305231506/tools/bin/../lib/gcc/arm-none-eabi/11.3.1/../../../../arm-none-eabi/lib/thumb/v7e-m+fp/hard\libc_nano.a(libc_a-lseekr.o)
[...]
Memory Configuration

Name             Origin             Length             Attributes
RAM              0x0000000020000000 0x0000000000020000 xrw
FLASH            0x0000000008000000 0x0000000000080000 xr
*default*        0x0000000000000000 0xffffffffffffffff

Linker script and memory map

LOAD C:/ST/STM32CubeIDE_1.6.0/STM32CubeIDE/plugins/com.st.stm32cube.ide.mcu.externaltools.gnu-tools-for-stm32.11.3.rel1.win32_1.1.0.202305231506/tools/bin/../lib/gcc/arm-none-eabi/11.3.1/thumb/v7e-m+fp/hard/crti.o
LOAD C:/ST/STM32CubeIDE_1.6.0/STM32CubeIDE/plugins/com.st.stm32cube.ide.mcu.externaltools.gnu-tools-for-stm32.11.3.rel1.win32_1.1.0.202305231506/tools/bin/../lib/gcc/arm-none-eabi/11.3.1/thumb/v7e-m+fp/hard/crtbegin.o
LOAD C:/ST/STM32CubeIDE_1.6.0/STM32CubeIDE/plugins/com.st.stm32cube.ide.mcu.externaltools.gnu-tools-for-stm32.11.3.rel1.win32_1.1.0.202305231506/tools/bin/../lib/gcc/arm-none-eabi/11.3.1/../../../../arm-none-eabi/lib/thumb/v7e-m+fp/hard/crt0.o
LOAD ./Core/Src/JControl.o
LOAD ./Core/Src/Protocol2.o
LOAD ./Core/Src/dma.o
LOAD ./Core/Src/gpio.o
LOAD ./Core/Src/iBus.o
LOAD ./Core/Src/main.o
LOAD ./Core/Src/stm32f4xx_it.o
LOAD ./Core/Src/syscalls.o
LOAD ./Core/Src/sysmem.o
LOAD ./Core/Src/system_stm32f4xx.o
LOAD ./Core/Src/tim.o
LOAD ./Core/Src/usart.o
LOAD ./Core/Startup/startup_stm32f446retx.o
LOAD ./Drivers/STM32F4xx_HAL_Driver/Src/stm32f4xx_ll_dma.o
LOAD ./Drivers/STM32F4xx_HAL_Driver/Src/stm32f4xx_ll_exti.o
LOAD ./Drivers/STM32F4xx_HAL_Driver/Src/stm32f4xx_ll_gpio.o
LOAD ./Drivers/STM32F4xx_HAL_Driver/Src/stm32f4xx_ll_rcc.o
LOAD ./Drivers/STM32F4xx_HAL_Driver/Src/stm32f4xx_ll_tim.o
LOAD ./Drivers/STM32F4xx_HAL_Driver/Src/stm32f4xx_ll_usart.o
LOAD ./Drivers/STM32F4xx_HAL_Driver/Src/stm32f4xx_ll_utils.o
START GROUP
LOAD C:/ST/STM32CubeIDE_1.6.0/STM32CubeIDE/plugins/com.st.stm32cube.ide.mcu.externaltools.gnu-tools-for-stm32.11.3.rel1.win32_1.1.0.202305231506/tools/bin/../lib/gcc/arm-none-eabi/11.3.1/../../../../arm-none-eabi/lib/thumb/v7e-m+fp/hard\libc_nano.a
LOAD C:/ST/STM32CubeIDE_1.6.0/STM32CubeIDE/plugins/com.st.stm32cube.ide.mcu.externaltools.gnu-tools-for-stm32.11.3.rel1.win32_1.1.0.202305231506/tools/bin/../lib/gcc/arm-none-eabi/11.3.1/../../../../arm-none-eabi/lib/thumb/v7e-m+fp/hard\libm.a
END GROUP
START GROUP
LOAD C:/ST/STM32CubeIDE_1.6.0/STM32CubeIDE/plugins/com.st.stm32cube.ide.mcu.externaltools.gnu-tools-for-stm32.11.3.rel1.win32_1.1.0.202305231506/tools/bin/../lib/gcc/arm-none-eabi/11.3.1/thumb/v7e-m+fp/hard\libgcc.a
LOAD C:/ST/STM32CubeIDE_1.6.0/STM32CubeIDE/plugins/com.st.stm32cube.ide.mcu.externaltools.gnu-tools-for-stm32.11.3.rel1.win32_1.1.0.202305231506/tools/bin/../lib/gcc/arm-none-eabi/11.3.1/../../../../arm-none-eabi/lib/thumb/v7e-m+fp/hard\libc_nano.a
END GROUP
START GROUP
LOAD C:/ST/STM32CubeIDE_1.6.0/STM32CubeIDE/plugins/com.st.stm32cube.ide.mcu.externaltools.gnu-tools-for-stm32.11.3.rel1.win32_1.1.0.202305231506/tools/bin/../lib/gcc/arm-none-eabi/11.3.1/thumb/v7e-m+fp/hard\libgcc.a
LOAD C:/ST/STM32CubeIDE_1.6.0/STM32CubeIDE/plugins/com.st.stm32cube.ide.mcu.externaltools.gnu-tools-for-stm32.11.3.rel1.win32_1.1.0.202305231506/tools/bin/../lib/gcc/arm-none-eabi/11.3.1/../../../../arm-none-eabi/lib/thumb/v7e-m+fp/hard\libc_nano.a
LOAD C:/ST/STM32CubeIDE_1.6.0/STM32CubeIDE/plugins/com.st.stm32cube.ide.mcu.externaltools.gnu-tools-for-stm32.11.3.rel1.win32_1.1.0.202305231506/tools/bin/../lib/gcc/arm-none-eabi/11.3.1/../../../../arm-none-eabi/lib/thumb/v7e-m+fp/hard\libnosys.a
END GROUP
START GROUP
LOAD C:/ST/STM32CubeIDE_1.6.0/STM32CubeIDE/plugins/com.st.stm32cube.ide.mcu.externaltools.gnu-tools-for-stm32.11.3.rel1.win32_1.1.0.202305231506/tools/bin/../lib/gcc/arm-none-eabi/11.3.1/thumb/v7e-m+fp/hard\libgcc.a
LOAD C:/ST/STM32CubeIDE_1.6.0/STM32CubeIDE/plugins/com.st.stm32cube.ide.mcu.externaltools.gnu-tools-for-stm32.11.3.rel1.win32_1.1.0.202305231506/tools/bin/../lib/gcc/arm-none-eabi/11.3.1/../../../../arm-none-eabi/lib/thumb/v7e-m+fp/hard\libc_nano.a
LOAD C:/ST/STM32CubeIDE_1.6.0/STM32CubeIDE/plugins/com.st.stm32cube.ide.mcu.externaltools.gnu-tools-for-stm32.11.3.rel1.win32_1.1.0.202305231506/tools/bin/../lib/gcc/arm-none-eabi/11.3.1/../../../../arm-none-eabi/lib/thumb/v7e-m+fp/hard\libnosys.a
END GROUP
LOAD C:/ST/STM32CubeIDE_1.6.0/STM32CubeIDE/plugins/com.st.stm32cube.ide.mcu.externaltools.gnu-tools-for-stm32.11.3.rel1.win32_1.1.0.202305231506/tools/bin/../lib/gcc/arm-none-eabi/11.3.1/thumb/v7e-m+fp/hard/crtend.o
LOAD C:/ST/STM32CubeIDE_1.6.0/STM32CubeIDE/plugins/com.st.stm32cube.ide.mcu.externaltools.gnu-tools-for-stm32.11.3.rel1.win32_1.1.0.202305231506/tools/bin/../lib/gcc/arm-none-eabi/11.3.1/thumb/v7e-m+fp/hard/crtn.o
                0x0000000020020000                _estack = (ORIGIN (RAM) + LENGTH (RAM))
                0x0000000000000200                _Min_Heap_Size = 0x200
                0x0000000000000400                _Min_Stack_Size = 0x400

.isr_vector     0x0000000008000000      0x1c4
                0x0000000008000000                . = ALIGN (0x4)
 *(.isr_vector)
 .isr_vector    0x0000000008000000      0x1c4 ./Core/Startup/startup_stm32f446retx.o
                0x0000000008000000                g_pfnVectors
                0x00000000080001c4                . = ALIGN (0x4)

.text           0x00000000080001c4     0x3698
                0x00000000080001c4                . = ALIGN (0x4)
 *(.text)
 .text          0x00000000080001c4       0x40 C:/ST/STM32CubeIDE_1.6.0/STM32CubeIDE/plugins/com.st.stm32cube.ide.mcu.externaltools.gnu-tools-for-stm32.11.3.rel1.win32_1.1.0.202305231506/tools/bin/../lib/gcc/arm-none-eabi/11.3.1/thumb/v7e-m+fp/hard/crtbegin.o
 .text          0x0000000008000204       0x30 C:/ST/STM32CubeIDE_1.6.0/STM32CubeIDE/plugins/com.st.stm32cube.ide.mcu.externaltools.gnu-tools-for-stm32.11.3.rel1.win32_1.1.0.202305231506/tools/bin/../lib/gcc/arm-none-eabi/11.3.1/thumb/v7e-m+fp/hard\libgcc.a(_aeabi_uldivmod.o)
                0x0000000008000204                __aeabi_uldivmod
 .text          0x0000000008000234      0x2c8 C:/ST/STM32CubeIDE_1.6.0/STM32CubeIDE/plugins/com.st.stm32cube.ide.mcu.externaltools.gnu-tools-for-stm32.11.3.rel1.win32_1.1.0.202305231506/tools/bin/../lib/gcc/arm-none-eabi/11.3.1/thumb/v7e-m+fp/hard\libgcc.a(_udivmoddi4.o)
                0x0000000008000234                __udivmoddi4
 .text          0x00000000080004fc        0x4 C:/ST/STM32CubeIDE_1.6.0/STM32CubeIDE/plugins/com.st.stm32cube.ide.mcu.externaltools.gnu-tools-for-stm32.11.3.rel1.win32_1.1.0.202305231506/tools/bin/../lib/gcc/arm-none-eabi/11.3.1/thumb/v7e-m+fp/hard\libgcc.a(_dvmd_tls.o)
                0x00000000080004fc                __aeabi_idiv0
                0x00000000080004fc                __aeabi_ldiv0
 *(.text*)
 .text.LL_TIM_OC_SetCompareCH1
                0x0000000008000500       0x1c ./Core/Src/JControl.o
 .text.LL_TIM_OC_SetCompareCH2
                0x000000000800051c       0x1c ./Core/Src/JControl.o
 .text.LL_TIM_OC_SetCompareCH3
                0x0000000008000538       0x1c ./Core/Src/JControl.o
 .text.LL_TIM_OC_SetCompareCH4
                0x0000000008000554       0x1c ./Core/Src/JControl.o
 .text.LL_GPIO_SetOutputPin
                0x0000000008000570       0x1c ./Core/Src/JControl.o
 .text.LL_GPIO_ResetOutputPin
                0x000000000800058c       0x1e ./Core/Src/JControl.o
 *fill*         0x00000000080005aa        0x2 
 .text.Duty_Control_Velocity
                0x00000000080005ac      0x1f8 ./Core/Src/JControl.o
                0x00000000080005ac                Duty_Control_Velocity
 .text.Protocol2_combineByte
                0x00000000080007a4       0x2c ./Core/Src/Protocol2.o
                0x00000000080007a4                Protocol2_combineByte
 .text.Protocol2_Minus8bit
                0x00000000080007d0       0x28 ./Core/Src/Protocol2.o
                0x00000000080007d0                Protocol2_Minus8bit
 .text.Protocol2_update_crc
                0x00000000080007f8       0xdc ./Core/Src/Protocol2.o
                0x00000000080007f8                Protocol2_update_crc
 .text.Protocol2_parsing
                0x00000000080008d4      0x12c ./Core/Src/Protocol2.o
                0x00000000080008d4                Protocol2_parsing
 .text.Protocol2_readPacket
                0x0000000008000a00       0x46 ./Core/Src/Protocol2.o
                0x0000000008000a00                Protocol2_readPacket
 *fill*         0x0000000008000a46        0x2 
 .text.Protocol2_readByte
                0x0000000008000a48      0x178 ./Core/Src/Protocol2.o
                0x0000000008000a48                Protocol2_readByte
 .text.__NVIC_GetPriorityGrouping
                0x0000000008000bc0       0x1c ./Core/Src/dma.o
 .text.__NVIC_EnableIRQ
                0x0000000008000bdc       0x3c ./Core/Src/dma.o
 .text.__NVIC_SetPriority
                0x0000000008000c18       0x54 ./Core/Src/dma.o
 .text.NVIC_EncodePriority
                0x0000000008000c6c       0x66 ./Core/Src/dma.o
 *fill*         0x0000000008000cd2        0x2 
 .text.LL_AHB1_GRP1_EnableClock
                0x0000000008000cd4       0x30 ./Core/Src/dma.o
 .text.MX_DMA_Init
                0x0000000008000d04       0x30 ./Core/Src/dma.o
                0x0000000008000d04                MX_DMA_Init
 .text.LL_AHB1_GRP1_EnableClock
                0x0000000008000d34       0x30 ./Core/Src/gpio.o
 .text.LL_GPIO_ResetOutputPin
                0x0000000008000d64       0x1e ./Core/Src/gpio.o
 *fill*         0x0000000008000d82        0x2 
 .text.MX_GPIO_Init
                0x0000000008000d84       0x94 ./Core/Src/gpio.o
                0x0000000008000d84                MX_GPIO_Init
 .text.__NVIC_SetPriorityGrouping
                0x0000000008000e18       0x48 ./Core/Src/main.o
 .text.__NVIC_GetPriorityGrouping
                0x0000000008000e60       0x1c ./Core/Src/main.o
 .text.__NVIC_SetPriority
                0x0000000008000e7c       0x54 ./Core/Src/main.o
 .text.NVIC_EncodePriority
                0x0000000008000ed0       0x66 ./Core/Src/main.o
 *fill*         0x0000000008000f36        0x2 
 .text.LL_DMA_EnableStream
                0x0000000008000f38       0x40 ./Core/Src/main.o
 .text.LL_DMA_SetDataLength
                0x0000000008000f78       0x48 ./Core/Src/main.o
 .text.LL_DMA_ConfigAddresses
                0x0000000008000fc0       0x78 ./Core/Src/main.o
 .text.LL_RCC_HSI_Enable
                0x0000000008001038       0x20 ./Core/Src/main.o
 .text.LL_RCC_HSI_IsReady
                0x0000000008001058       0x24 ./Core/Src/main.o
 .text.LL_RCC_HSI_SetCalibTrimming
                0x000000000800107c       0x2c ./Core/Src/main.o
 .text.LL_RCC_SetSysClkSource
                0x00000000080010a8       0x28 ./Core/Src/main.o
 .text.LL_RCC_GetSysClkSource
                0x00000000080010d0       0x1c ./Core/Src/main.o
 .text.LL_RCC_SetAHBPrescaler
                0x00000000080010ec       0x28 ./Core/Src/main.o
 .text.LL_RCC_SetAPB1Prescaler
                0x0000000008001114       0x28 ./Core/Src/main.o
 .text.LL_RCC_SetAPB2Prescaler
                0x000000000800113c       0x28 ./Core/Src/main.o
 .text.LL_RCC_SetTIMPrescaler
                0x0000000008001164       0x2c ./Core/Src/main.o
 .text.LL_RCC_PLL_Enable
                0x0000000008001190       0x20 ./Core/Src/main.o
 .text.LL_RCC_PLL_IsReady
                0x00000000080011b0       0x28 ./Core/Src/main.o
 .text.LL_RCC_PLL_ConfigDomain_SYS
                0x00000000080011d8       0x5c ./Core/Src/main.o
 .text.LL_APB1_GRP1_EnableClock
                0x0000000008001234       0x30 ./Core/Src/main.o
 .text.LL_APB2_GRP1_EnableClock
                0x0000000008001264       0x30 ./Core/Src/main.o
 .text.LL_FLASH_SetLatency
                0x0000000008001294       0x28 ./Core/Src/main.o
 .text.LL_FLASH_GetLatency
                0x00000000080012bc       0x1c ./Core/Src/main.o
 .text.LL_PWR_EnableOverDriveMode
                0x00000000080012d8       0x20 ./Core/Src/main.o
 .text.LL_PWR_SetRegulVoltageScaling
                0x00000000080012f8       0x28 ./Core/Src/main.o
 .text.LL_PWR_IsActiveFlag_VOS
                0x0000000008001320       0x28 ./Core/Src/main.o
 .text.LL_TIM_EnableCounter
                0x0000000008001348       0x20 ./Core/Src/main.o
 .text.LL_TIM_CC_EnableChannel
                0x0000000008001368       0x22 ./Core/Src/main.o
 .text.LL_TIM_EnableIT_UPDATE
                0x000000000800138a       0x20 ./Core/Src/main.o
 .text.LL_USART_EnableIT_IDLE
                0x00000000080013aa       0x46 ./Core/Src/main.o
 .text.LL_USART_EnableDMAReq_RX
                0x00000000080013f0       0x46 ./Core/Src/main.o
 .text.LL_USART_DMA_GetRegAddr
                0x0000000008001436       0x18 ./Core/Src/main.o
 *fill*         0x000000000800144e        0x2 
 .text.SetDirection
                0x0000000008001450       0x30 ./Core/Src/main.o
                0x0000000008001450                SetDirection
 .text.SetDutyControl
                0x0000000008001480       0x34 ./Core/Src/main.o
                0x0000000008001480                SetDutyControl
 .text.main     0x00000000080014b4       0xc8 ./Core/Src/main.o
                0x00000000080014b4                main
 .text.SystemClock_Config
                0x000000000800157c       0xa4 ./Core/Src/main.o
                0x000000000800157c                SystemClock_Config
 .text.LL_DMA_EnableStream
                0x0000000008001620       0x40 ./Core/Src/stm32f4xx_it.o
 .text.LL_DMA_DisableStream
                0x0000000008001660       0x40 ./Core/Src/stm32f4xx_it.o
 .text.LL_DMA_ClearFlag_HT1
                0x00000000080016a0       0x1c ./Core/Src/stm32f4xx_it.o
 .text.LL_DMA_ClearFlag_TC1
                0x00000000080016bc       0x1c ./Core/Src/stm32f4xx_it.o
 .text.LL_DMA_ClearFlag_TE1
                0x00000000080016d8       0x1c ./Core/Src/stm32f4xx_it.o
 .text.LL_DMA_ClearFlag_DME1
                0x00000000080016f4       0x1c ./Core/Src/stm32f4xx_it.o
 .text.LL_DMA_ClearFlag_FE1
                0x0000000008001710       0x1a ./Core/Src/stm32f4xx_it.o
 .text.LL_TIM_ClearFlag_UPDATE
                0x000000000800172a       0x1c ./Core/Src/stm32f4xx_it.o
 .text.LL_TIM_IsActiveFlag_UPDATE
                0x0000000008001746       0x26 ./Core/Src/stm32f4xx_it.o
 .text.LL_USART_IsActiveFlag_IDLE
                0x000000000800176c       0x26 ./Core/Src/stm32f4xx_it.o
 .text.LL_USART_ClearFlag_IDLE
                0x0000000008001792       0x24 ./Core/Src/stm32f4xx_it.o
 .text.LL_GPIO_SetOutputPin
                0x00000000080017b6       0x1c ./Core/Src/stm32f4xx_it.o
 .text.LL_GPIO_ResetOutputPin
                0x00000000080017d2       0x1e ./Core/Src/stm32f4xx_it.o
 .text.Duty_Velocity
                0x00000000080017f0       0x64 ./Core/Src/stm32f4xx_it.o
                0x00000000080017f0                Duty_Velocity
 .text.NMI_Handler
                0x0000000008001854        0x6 ./Core/Src/stm32f4xx_it.o
                0x0000000008001854                NMI_Handler
 .text.HardFault_Handler
                0x000000000800185a        0x6 ./Core/Src/stm32f4xx_it.o
                0x000000000800185a                HardFault_Handler
 .text.MemManage_Handler
                0x0000000008001860        0x6 ./Core/Src/stm32f4xx_it.o
                0x0000000008001860                MemManage_Handler
 .text.BusFault_Handler
                0x0000000008001866        0x6 ./Core/Src/stm32f4xx_it.o
                0x0000000008001866                BusFault_Handler
 .text.UsageFault_Handler
                0x000000000800186c        0x6 ./Core/Src/stm32f4xx_it.o
                0x000000000800186c                UsageFault_Handler
 .text.SVC_Handler
                0x0000000008001872        0xe ./Core/Src/stm32f4xx_it.o
                0x0000000008001872                SVC_Handler
 .text.DebugMon_Handler
                0x0000000008001880        0xe ./Core/Src/stm32f4xx_it.o
                0x0000000008001880                DebugMon_Handler
 .text.PendSV_Handler
                0x000000000800188e        0xe ./Core/Src/stm32f4xx_it.o
                0x000000000800188e                PendSV_Handler
 .text.SysTick_Handler
                0x000000000800189c        0xe ./Core/Src/stm32f4xx_it.o
                0x000000000800189c                SysTick_Handler
 .text.DMA1_Stream1_IRQHandler
                0x00000000080018aa        0xe ./Core/Src/stm32f4xx_it.o
                0x00000000080018aa                DMA1_Stream1_IRQHandler
 .text.TIM1_BRK_TIM9_IRQHandler
                0x00000000080018b8        0xe ./Core/Src/stm32f4xx_it.o
                0x00000000080018b8                TIM1_BRK_TIM9_IRQHandler
 .text.TIM1_UP_TIM10_IRQHandler
                0x00000000080018c6        0xe ./Core/Src/stm32f4xx_it.o
                0x00000000080018c6                TIM1_UP_TIM10_IRQHandler
 .text.TIM1_TRG_COM_TIM11_IRQHandler
                0x00000000080018d4        0xe ./Core/Src/stm32f4xx_it.o
                0x00000000080018d4                TIM1_TRG_COM_TIM11_IRQHandler
 .text.TIM1_CC_IRQHandler
                0x00000000080018e2        0xe ./Core/Src/stm32f4xx_it.o
                0x00000000080018e2                TIM1_CC_IRQHandler
 .text.USART3_IRQHandler
                0x00000000080018f0       0x6c ./Core/Src/stm32f4xx_it.o
                0x00000000080018f0                USART3_IRQHandler
 .text.TIM6_DAC_IRQHandler
                0x000000000800195c       0xac ./Core/Src/stm32f4xx_it.o
                0x000000000800195c                TIM6_DAC_IRQHandler
 .text.SystemInit
                0x0000000008001a08       0x24 ./Core/Src/system_stm32f4xx.o
                0x0000000008001a08                SystemInit
 .text.__NVIC_GetPriorityGrouping
                0x0000000008001a2c       0x1c ./Core/Src/tim.o
 .text.__NVIC_EnableIRQ
                0x0000000008001a48       0x3c ./Core/Src/tim.o
 .text.__NVIC_SetPriority
                0x0000000008001a84       0x54 ./Core/Src/tim.o
 .text.NVIC_EncodePriority
                0x0000000008001ad8       0x66 ./Core/Src/tim.o
 *fill*         0x0000000008001b3e        0x2 
 .text.LL_AHB1_GRP1_EnableClock
                0x0000000008001b40       0x30 ./Core/Src/tim.o
 .text.LL_APB1_GRP1_EnableClock
                0x0000000008001b70       0x30 ./Core/Src/tim.o
 .text.LL_APB2_GRP1_EnableClock
                0x0000000008001ba0       0x30 ./Core/Src/tim.o
 .text.LL_TIM_DisableARRPreload
                0x0000000008001bd0       0x20 ./Core/Src/tim.o
 .text.LL_TIM_OC_DisableFast
                0x0000000008001bf0       0x8c ./Core/Src/tim.o
 .text.LL_TIM_OC_EnablePreload
                0x0000000008001c7c       0x88 ./Core/Src/tim.o
 .text.LL_TIM_SetTriggerOutput
                0x0000000008001d04       0x26 ./Core/Src/tim.o
 .text.LL_TIM_DisableMasterSlaveMode
                0x0000000008001d2a       0x20 ./Core/Src/tim.o
 *fill*         0x0000000008001d4a        0x2 
 .text.MX_TIM1_Init
                0x0000000008001d4c      0x1cc ./Core/Src/tim.o
                0x0000000008001d4c                MX_TIM1_Init
 .text.MX_TIM6_Init
                0x0000000008001f18       0x74 ./Core/Src/tim.o
                0x0000000008001f18                MX_TIM6_Init
 .text.__NVIC_GetPriorityGrouping
                0x0000000008001f8c       0x1c ./Core/Src/usart.o
 .text.__NVIC_EnableIRQ
                0x0000000008001fa8       0x3c ./Core/Src/usart.o
 .text.__NVIC_SetPriority
                0x0000000008001fe4       0x54 ./Core/Src/usart.o
 .text.NVIC_EncodePriority
                0x0000000008002038       0x66 ./Core/Src/usart.o
 *fill*         0x000000000800209e        0x2 
 .text.LL_DMA_SetDataTransferDirection
                0x00000000080020a0       0x48 ./Core/Src/usart.o
 .text.LL_DMA_SetMode
                0x00000000080020e8       0x48 ./Core/Src/usart.o
 .text.LL_DMA_SetPeriphIncMode
                0x0000000008002130       0x48 ./Core/Src/usart.o
 .text.LL_DMA_SetMemoryIncMode
                0x0000000008002178       0x48 ./Core/Src/usart.o
 .text.LL_DMA_SetPeriphSize
                0x00000000080021c0       0x48 ./Core/Src/usart.o
 .text.LL_DMA_SetMemorySize
                0x0000000008002208       0x48 ./Core/Src/usart.o
 .text.LL_DMA_SetStreamPriorityLevel
                0x0000000008002250       0x48 ./Core/Src/usart.o
 .text.LL_DMA_SetChannelSelection
                0x0000000008002298       0x48 ./Core/Src/usart.o
 .text.LL_DMA_DisableFifoMode
                0x00000000080022e0       0x40 ./Core/Src/usart.o
 .text.LL_AHB1_GRP1_EnableClock
                0x0000000008002320       0x30 ./Core/Src/usart.o
 .text.LL_APB1_GRP1_EnableClock
                0x0000000008002350       0x30 ./Core/Src/usart.o
 .text.LL_USART_Enable
                0x0000000008002380       0x20 ./Core/Src/usart.o
 .text.LL_USART_ConfigAsyncMode
                0x00000000080023a0       0x2c ./Core/Src/usart.o
 .text.MX_USART3_UART_Init
                0x00000000080023cc      0x124 ./Core/Src/usart.o
                0x00000000080023cc                MX_USART3_UART_Init
 .text.Reset_Handler
                0x00000000080024f0       0x50 ./Core/Startup/startup_stm32f446retx.o
                0x00000000080024f0                Reset_Handler
 .text.Default_Handler
                0x0000000008002540        0x2 ./Core/Startup/startup_stm32f446retx.o
                0x0000000008002540                RTC_Alarm_IRQHandler
                0x0000000008002540                EXTI2_IRQHandler
                0x0000000008002540                TIM8_CC_IRQHandler
                0x0000000008002540                FMPI2C1_EV_IRQHandler
                0x0000000008002540                SPI4_IRQHandler
                0x0000000008002540                DMA2_Stream5_IRQHandler
                0x0000000008002540                DMA1_Stream5_IRQHandler
                0x0000000008002540                PVD_IRQHandler
                0x0000000008002540                SDIO_IRQHandler
                0x0000000008002540                TAMP_STAMP_IRQHandler
                0x0000000008002540                CAN2_RX1_IRQHandler
                0x0000000008002540                EXTI3_IRQHandler
                0x0000000008002540                TIM8_TRG_COM_TIM14_IRQHandler
                0x0000000008002540                TIM8_UP_TIM13_IRQHandler
                0x0000000008002540                I2C3_ER_IRQHandler
                0x0000000008002540                EXTI0_IRQHandler
                0x0000000008002540                I2C2_EV_IRQHandler
                0x0000000008002540                DMA1_Stream2_IRQHandler
                0x0000000008002540                CAN1_RX0_IRQHandler
                0x0000000008002540                FPU_IRQHandler
                0x0000000008002540                OTG_HS_WKUP_IRQHandler
                0x0000000008002540                CAN2_SCE_IRQHandler
                0x0000000008002540                DMA2_Stream2_IRQHandler
                0x0000000008002540                SPI1_IRQHandler
                0x0000000008002540                DCMI_IRQHandler
                0x0000000008002540                CAN2_RX0_IRQHandler
                0x0000000008002540                DMA2_Stream3_IRQHandler
                0x0000000008002540                SAI2_IRQHandler
                0x0000000008002540                USART6_IRQHandler
                0x0000000008002540                CAN1_RX1_IRQHandler
                0x0000000008002540                UART5_IRQHandler
                0x0000000008002540                DMA2_Stream0_IRQHandler
                0x0000000008002540                TIM4_IRQHandler
                0x0000000008002540                QUADSPI_IRQHandler
                0x0000000008002540                I2C1_EV_IRQHandler
                0x0000000008002540                DMA1_Stream6_IRQHandler
                0x0000000008002540                UART4_IRQHandler
                0x0000000008002540                TIM3_IRQHandler
                0x0000000008002540                RCC_IRQHandler
                0x0000000008002540                TIM8_BRK_TIM12_IRQHandler
                0x0000000008002540                Default_Handler
                0x0000000008002540                CEC_IRQHandler
                0x0000000008002540                EXTI15_10_IRQHandler
                0x0000000008002540                ADC_IRQHandler
                0x0000000008002540                DMA1_Stream7_IRQHandler
                0x0000000008002540                TIM7_IRQHandler
                0x0000000008002540                CAN2_TX_IRQHandler
                0x0000000008002540                TIM5_IRQHandler
                0x0000000008002540                DMA2_Stream7_IRQHandler
                0x0000000008002540                I2C3_EV_IRQHandler
                0x0000000008002540                EXTI9_5_IRQHandler
                0x0000000008002540                RTC_WKUP_IRQHandler
                0x0000000008002540                SPDIF_RX_IRQHandler
                0x0000000008002540                SPI2_IRQHandler
                0x0000000008002540                OTG_HS_EP1_IN_IRQHandler
                0x0000000008002540                DMA1_Stream0_IRQHandler
                0x0000000008002540                CAN1_TX_IRQHandler
                0x0000000008002540                FMPI2C1_ER_IRQHandler
                0x0000000008002540                EXTI4_IRQHandler
                0x0000000008002540                OTG_HS_EP1_OUT_IRQHandler
                0x0000000008002540                WWDG_IRQHandler
                0x0000000008002540                TIM2_IRQHandler
                0x0000000008002540                OTG_FS_WKUP_IRQHandler
                0x0000000008002540                OTG_HS_IRQHandler
                0x0000000008002540                EXTI1_IRQHandler
                0x0000000008002540                USART2_IRQHandler
                0x0000000008002540                I2C2_ER_IRQHandler
                0x0000000008002540                DMA2_Stream1_IRQHandler
                0x0000000008002540                CAN1_SCE_IRQHandler
                0x0000000008002540                FLASH_IRQHandler
                0x0000000008002540                DMA2_Stream4_IRQHandler
                0x0000000008002540                USART1_IRQHandler
                0x0000000008002540                OTG_FS_IRQHandler
                0x0000000008002540                SPI3_IRQHandler
                0x0000000008002540                DMA1_Stream4_IRQHandler
                0x0000000008002540                I2C1_ER_IRQHandler
                0x0000000008002540                FMC_IRQHandler
                0x0000000008002540                DMA2_Stream6_IRQHandler
                0x0000000008002540                SAI1_IRQHandler
                0x0000000008002540                DMA1_Stream3_IRQHandler
 .text.LL_GPIO_SetPinMode
                0x0000000008002542       0x5e ./Drivers/STM32F4xx_HAL_Driver/Src/stm32f4xx_ll_gpio.o
 .text.LL_GPIO_SetPinOutputType
                0x00000000080025a0       0x30 ./Drivers/STM32F4xx_HAL_Driver/Src/stm32f4xx_ll_gpio.o
 .text.LL_GPIO_SetPinSpeed
                0x00000000080025d0       0x5e ./Drivers/STM32F4xx_HAL_Driver/Src/stm32f4xx_ll_gpio.o
 .text.LL_GPIO_SetPinPull
                0x000000000800262e       0x5e ./Drivers/STM32F4xx_HAL_Driver/Src/stm32f4xx_ll_gpio.o
 .text.LL_GPIO_SetAFPin_0_7
                0x000000000800268c       0x5e ./Drivers/STM32F4xx_HAL_Driver/Src/stm32f4xx_ll_gpio.o
 .text.LL_GPIO_SetAFPin_8_15
                0x00000000080026ea       0x62 ./Drivers/STM32F4xx_HAL_Driver/Src/stm32f4xx_ll_gpio.o
 .text.LL_GPIO_Init
                0x000000000800274c       0xe6 ./Drivers/STM32F4xx_HAL_Driver/Src/stm32f4xx_ll_gpio.o
                0x000000000800274c                LL_GPIO_Init
 *fill*         0x0000000008002832        0x2 
 .text.LL_RCC_GetSysClkSource
                0x0000000008002834       0x1c ./Drivers/STM32F4xx_HAL_Driver/Src/stm32f4xx_ll_rcc.o
 .text.LL_RCC_GetAHBPrescaler
                0x0000000008002850       0x1c ./Drivers/STM32F4xx_HAL_Driver/Src/stm32f4xx_ll_rcc.o
 .text.LL_RCC_GetAPB1Prescaler
                0x000000000800286c       0x1c ./Drivers/STM32F4xx_HAL_Driver/Src/stm32f4xx_ll_rcc.o
 .text.LL_RCC_GetAPB2Prescaler
                0x0000000008002888       0x1c ./Drivers/STM32F4xx_HAL_Driver/Src/stm32f4xx_ll_rcc.o
 .text.LL_RCC_PLL_GetMainSource
                0x00000000080028a4       0x1c ./Drivers/STM32F4xx_HAL_Driver/Src/stm32f4xx_ll_rcc.o
 .text.LL_RCC_PLL_GetN
                0x00000000080028c0       0x1c ./Drivers/STM32F4xx_HAL_Driver/Src/stm32f4xx_ll_rcc.o
 .text.LL_RCC_PLL_GetP
                0x00000000080028dc       0x1c ./Drivers/STM32F4xx_HAL_Driver/Src/stm32f4xx_ll_rcc.o
 .text.LL_RCC_PLL_GetR
                0x00000000080028f8       0x1c ./Drivers/STM32F4xx_HAL_Driver/Src/stm32f4xx_ll_rcc.o
 .text.LL_RCC_PLL_GetDivider
                0x0000000008002914       0x1c ./Drivers/STM32F4xx_HAL_Driver/Src/stm32f4xx_ll_rcc.o
 .text.LL_RCC_GetSystemClocksFreq
                0x0000000008002930       0x4a ./Drivers/STM32F4xx_HAL_Driver/Src/stm32f4xx_ll_rcc.o
                0x0000000008002930                LL_RCC_GetSystemClocksFreq
 *fill*         0x000000000800297a        0x2 
 .text.RCC_GetSystemClockFreq
                0x000000000800297c       0x84 ./Drivers/STM32F4xx_HAL_Driver/Src/stm32f4xx_ll_rcc.o
                0x000000000800297c                RCC_GetSystemClockFreq
 .text.RCC_GetHCLKClockFreq
                0x0000000008002a00       0x2c ./Drivers/STM32F4xx_HAL_Driver/Src/stm32f4xx_ll_rcc.o
                0x0000000008002a00                RCC_GetHCLKClockFreq
 .text.RCC_GetPCLK1ClockFreq
                0x0000000008002a2c       0x28 ./Drivers/STM32F4xx_HAL_Driver/Src/stm32f4xx_ll_rcc.o
                0x0000000008002a2c                RCC_GetPCLK1ClockFreq
 .text.RCC_GetPCLK2ClockFreq
                0x0000000008002a54       0x28 ./Drivers/STM32F4xx_HAL_Driver/Src/stm32f4xx_ll_rcc.o
                0x0000000008002a54                RCC_GetPCLK2ClockFreq
 .text.RCC_PLL_GetFreqDomain_SYS
                0x0000000008002a7c       0xa0 ./Drivers/STM32F4xx_HAL_Driver/Src/stm32f4xx_ll_rcc.o
                0x0000000008002a7c                RCC_PLL_GetFreqDomain_SYS
 .text.LL_TIM_SetPrescaler
                0x0000000008002b1c       0x1c ./Drivers/STM32F4xx_HAL_Driver/Src/stm32f4xx_ll_tim.o
 .text.LL_TIM_SetAutoReload
                0x0000000008002b38       0x1c ./Drivers/STM32F4xx_HAL_Driver/Src/stm32f4xx_ll_tim.o
 .text.LL_TIM_SetRepetitionCounter
                0x0000000008002b54       0x1c ./Drivers/STM32F4xx_HAL_Driver/Src/stm32f4xx_ll_tim.o
 .text.LL_TIM_OC_SetCompareCH1
                0x0000000008002b70       0x1c ./Drivers/STM32F4xx_HAL_Driver/Src/stm32f4xx_ll_tim.o
 .text.LL_TIM_OC_SetCompareCH2
                0x0000000008002b8c       0x1c ./Drivers/STM32F4xx_HAL_Driver/Src/stm32f4xx_ll_tim.o
 .text.LL_TIM_OC_SetCompareCH3
                0x0000000008002ba8       0x1c ./Drivers/STM32F4xx_HAL_Driver/Src/stm32f4xx_ll_tim.o
 .text.LL_TIM_OC_SetCompareCH4
                0x0000000008002bc4       0x1c ./Drivers/STM32F4xx_HAL_Driver/Src/stm32f4xx_ll_tim.o
 .text.LL_TIM_GenerateEvent_UPDATE
                0x0000000008002be0       0x20 ./Drivers/STM32F4xx_HAL_Driver/Src/stm32f4xx_ll_tim.o
 .text.LL_TIM_Init
                0x0000000008002c00      0x134 ./Drivers/STM32F4xx_HAL_Driver/Src/stm32f4xx_ll_tim.o
                0x0000000008002c00                LL_TIM_Init
 .text.LL_TIM_OC_Init
                0x0000000008002d34       0x82 ./Drivers/STM32F4xx_HAL_Driver/Src/stm32f4xx_ll_tim.o
                0x0000000008002d34                LL_TIM_OC_Init
 .text.LL_TIM_BDTR_Init
                0x0000000008002db6       0x92 ./Drivers/STM32F4xx_HAL_Driver/Src/stm32f4xx_ll_tim.o
                0x0000000008002db6                LL_TIM_BDTR_Init
 .text.OC1Config
                0x0000000008002e48       0xd8 ./Drivers/STM32F4xx_HAL_Driver/Src/stm32f4xx_ll_tim.o
 .text.OC2Config
                0x0000000008002f20       0xe0 ./Drivers/STM32F4xx_HAL_Driver/Src/stm32f4xx_ll_tim.o
 .text.OC3Config
                0x0000000008003000       0xe0 ./Drivers/STM32F4xx_HAL_Driver/Src/stm32f4xx_ll_tim.o
 .text.OC4Config
                0x00000000080030e0       0xb0 ./Drivers/STM32F4xx_HAL_Driver/Src/stm32f4xx_ll_tim.o
 .text.LL_USART_IsEnabled
                0x0000000008003190       0x28 ./Drivers/STM32F4xx_HAL_Driver/Src/stm32f4xx_ll_usart.o
 .text.LL_USART_SetStopBitsLength
                0x00000000080031b8       0x26 ./Drivers/STM32F4xx_HAL_Driver/Src/stm32f4xx_ll_usart.o
 .text.LL_USART_SetHWFlowCtrl
                0x00000000080031de       0x26 ./Drivers/STM32F4xx_HAL_Driver/Src/stm32f4xx_ll_usart.o
 .text.LL_USART_SetBaudRate
                0x0000000008003204      0x45c ./Drivers/STM32F4xx_HAL_Driver/Src/stm32f4xx_ll_usart.o
 .text.LL_USART_Init
                0x0000000008003660      0x100 ./Drivers/STM32F4xx_HAL_Driver/Src/stm32f4xx_ll_usart.o
                0x0000000008003660                LL_USART_Init
 .text.LL_InitTick
                0x0000000008003760       0x34 ./Drivers/STM32F4xx_HAL_Driver/Src/stm32f4xx_ll_utils.o
 .text.LL_Init1msTick
                0x0000000008003794       0x1a ./Drivers/STM32F4xx_HAL_Driver/Src/stm32f4xx_ll_utils.o
                0x0000000008003794                LL_Init1msTick
 *fill*         0x00000000080037ae        0x2 
 .text.LL_SetSystemCoreClock
                0x00000000080037b0       0x20 ./Drivers/STM32F4xx_HAL_Driver/Src/stm32f4xx_ll_utils.o
                0x00000000080037b0                LL_SetSystemCoreClock
 .text.memset   0x00000000080037d0       0x10 C:/ST/STM32CubeIDE_1.6.0/STM32CubeIDE/plugins/com.st.stm32cube.ide.mcu.externaltools.gnu-tools-for-stm32.11.3.rel1.win32_1.1.0.202305231506/tools/bin/../lib/gcc/arm-none-eabi/11.3.1/../../../../arm-none-eabi/lib/thumb/v7e-m+fp/hard\libc_nano.a(libc_a-memset.o)
                0x00000000080037d0                memset
 .text.__libc_init_array
                0x00000000080037e0       0x48 C:/ST/STM32CubeIDE_1.6.0/STM32CubeIDE/plugins/com.st.stm32cube.ide.mcu.externaltools.gnu-tools-for-stm32.11.3.rel1.win32_1.1.0.202305231506/tools/bin/../lib/gcc/arm-none-eabi/11.3.1/../../../../arm-none-eabi/lib/thumb/v7e-m+fp/hard\libc_nano.a(libc_a-init.o)
                0x00000000080037e0                __libc_init_array
 .text.memcpy   0x0000000008003828       0x1c C:/ST/STM32CubeIDE_1.6.0/STM32CubeIDE/plugins/com.st.stm32cube.ide.mcu.externaltools.gnu-tools-for-stm32.11.3.rel1.win32_1.1.0.202305231506/tools/bin/../lib/gcc/arm-none-eabi/11.3.1/../../../../arm-none-eabi/lib/thumb/v7e-m+fp/hard\libc_nano.a(libc_a-memcpy-stub.o)
                0x0000000008003828                memcpy
 *(.glue_7)
 .glue_7        0x0000000008003844        0x0 linker stubs
 *(.glue_7t)
 .glue_7t       0x0000000008003844        0x0 linker stubs
 *(.eh_frame)
 .eh_frame      0x0000000008003844        0x0 C:/ST/STM32CubeIDE_1.6.0/STM32CubeIDE/plugins/com.st.stm32cube.ide.mcu.externaltools.gnu-tools-for-stm32.11.3.rel1.win32_1.1.0.202305231506/tools/bin/../lib/gcc/arm-none-eabi/11.3.1/thumb/v7e-m+fp/hard/crtbegin.o
 *(.init)
 .init          0x0000000008003844        0x4 C:/ST/STM32CubeIDE_1.6.0/STM32CubeIDE/plugins/com.st.stm32cube.ide.mcu.externaltools.gnu-tools-for-stm32.11.3.rel1.win32_1.1.0.202305231506/tools/bin/../lib/gcc/arm-none-eabi/11.3.1/thumb/v7e-m+fp/hard/crti.o
                0x0000000008003844                _init
 .init          0x0000000008003848        0x8 C:/ST/STM32CubeIDE_1.6.0/STM32CubeIDE/plugins/com.st.stm32cube.ide.mcu.externaltools.gnu-tools-for-stm32.11.3.rel1.win32_1.1.0.202305231506/tools/bin/../lib/gcc/arm-none-eabi/11.3.1/thumb/v7e-m+fp/hard/crtn.o
 *(.fini)
 .fini          0x0000000008003850        0x4 C:/ST/STM32CubeIDE_1.6.0/STM32CubeIDE/plugins/com.st.stm32cube.ide.mcu.externaltools.gnu-tools-for-stm32.11.3.rel1.win32_1.1.0.202305231506/tools/bin/../lib/gcc/arm-none-eabi/11.3.1/thumb/v7e-m+fp/hard/crti.o
                0x0000000008003850                _fini
 .fini          0x0000000008003854        0x8 C:/ST/STM32CubeIDE_1.6.0/STM32CubeIDE/plugins/com.st.stm32cube.ide.mcu.externaltools.gnu-tools-for-stm32.11.3.rel1.win32_1.1.0.202305231506/tools/bin/../lib/gcc/arm-none-eabi/11.3.1/thumb/v7e-m+fp/hard/crtn.o
                0x000000000800385c                . = ALIGN (0x4)
                0x000000000800385c                _etext = .

.vfp11_veneer   0x000000000800385c        0x0
 .vfp11_veneer  0x000000000800385c        0x0 linker stubs

.v4_bx          0x000000000800385c        0x0
 .v4_bx         0x000000000800385c        0x0 linker stubs

.iplt           0x000000000800385c        0x0
 .iplt          0x000000000800385c        0x0 C:/ST/STM32CubeIDE_1.6.0/STM32CubeIDE/plugins/com.st.stm32cube.ide.mcu.externaltools.gnu-tools-for-stm32.11.3.rel1.win32_1.1.0.202305231506/tools/bin/../lib/gcc/arm-none-eabi/11.3.1/thumb/v7e-m+fp/hard/crtbegin.o

.rodata         0x000000000800385c      0x240
                0x000000000800385c                . = ALIGN (0x4)
 *(.rodata)
 .rodata        0x000000000800385c      0x200 ./Core/Src/Protocol2.o
 *(.rodata*)
 .rodata.STREAM_OFFSET_TAB
                0x0000000008003a5c        0x8 ./Core/Src/main.o
 .rodata.STREAM_OFFSET_TAB
                0x0000000008003a64        0x8 ./Core/Src/stm32f4xx_it.o
 .rodata.AHBPrescTable
                0x0000000008003a6c       0x10 ./Core/Src/system_stm32f4xx.o
                0x0000000008003a6c                AHBPrescTable
 .rodata.APBPrescTable
                0x0000000008003a7c        0x8 ./Core/Src/system_stm32f4xx.o
                0x0000000008003a7c                APBPrescTable
 .rodata.OFFSET_TAB_CCMRx
                0x0000000008003a84        0x7 ./Core/Src/tim.o
 *fill*         0x0000000008003a8b        0x1 
 .rodata.SHIFT_TAB_OCxx
                0x0000000008003a8c        0x7 ./Core/Src/tim.o
 *fill*         0x0000000008003a93        0x1 
 .rodata.STREAM_OFFSET_TAB
                0x0000000008003a94        0x8 ./Core/Src/usart.o
                0x0000000008003a9c                . = ALIGN (0x4)

.ARM.extab      0x0000000008003a9c        0x0
                0x0000000008003a9c                . = ALIGN (0x4)
 *(.ARM.extab* .gnu.linkonce.armextab.*)
                0x0000000008003a9c                . = ALIGN (0x4)

.ARM            0x0000000008003a9c        0x8
                0x0000000008003a9c                . = ALIGN (0x4)
                0x0000000008003a9c                __exidx_start = .
 *(.ARM.exidx*)
 .ARM.exidx     0x0000000008003a9c        0x8 C:/ST/STM32CubeIDE_1.6.0/STM32CubeIDE/plugins/com.st.stm32cube.ide.mcu.externaltools.gnu-tools-for-stm32.11.3.rel1.win32_1.1.0.202305231506/tools/bin/../lib/gcc/arm-none-eabi/11.3.1/thumb/v7e-m+fp/hard\libgcc.a(_udivmoddi4.o)
                0x0000000008003aa4                __exidx_end = .
                0x0000000008003aa4                . = ALIGN (0x4)

.rel.dyn        0x0000000008003aa4        0x0
 .rel.iplt      0x0000000008003aa4        0x0 C:/ST/STM32CubeIDE_1.6.0/STM32CubeIDE/plugins/com.st.stm32cube.ide.mcu.externaltools.gnu-tools-for-stm32.11.3.rel1.win32_1.1.0.202305231506/tools/bin/../lib/gcc/arm-none-eabi/11.3.1/thumb/v7e-m+fp/hard/crtbegin.o

.preinit_array  0x0000000008003aa4        0x0
                0x0000000008003aa4                . = ALIGN (0x4)
                0x0000000008003aa4                PROVIDE (__preinit_array_start = .)
 *(.preinit_array*)
                0x0000000008003aa4                PROVIDE (__preinit_array_end = .)
                0x0000000008003aa4                . = ALIGN (0x4)

.init_array     0x0000000008003aa4        0x4
                0x0000000008003aa4                . = ALIGN (0x4)
                0x0000000008003aa4                PROVIDE (__init_array_start = .)
 *(SORT_BY_NAME(.init_array.*))
 *(.init_array*)
 .init_array    0x0000000008003aa4        0x4 C:/ST/STM32CubeIDE_1.6.0/STM32CubeIDE/plugins/com.st.stm32cube.ide.mcu.externaltools.gnu-tools-for-stm32.11.3.rel1.win32_1.1.0.202305231506/tools/bin/../lib/gcc/arm-none-eabi/11.3.1/thumb/v7e-m+fp/hard/crtbegin.o
                0x0000000008003aa8                PROVIDE (__init_array_end = .)
                0x0000000008003aa8                . = ALIGN (0x4)

.fini_array     0x0000000008003aa8        0x4
                0x0000000008003aa8                . = ALIGN (0x4)
                [!provide]                        PROVIDE (__fini_array_start = .)
 *(SORT_BY_NAME(.fini_array.*))
 *(.fini_array*)
 .fini_array    0x0000000008003aa8        0x4 C:/ST/STM32CubeIDE_1.6.0/STM32CubeIDE/plugins/com.st.stm32cube.ide.mcu.externaltools.gnu-tools-for-stm32.11.3.rel1.win32_1.1.0.202305231506/tools/bin/../lib/gcc/arm-none-eabi/11.3.1/thumb/v7e-m+fp/hard/crtbegin.o
                [!provide]                        PROVIDE (__fini_array_end = .)
                0x0000000008003aac                . = ALIGN (0x4)
                0x0000000008003aac                _sidata = LOADADDR (.data)

.data           0x0000000020000000        0x4 load address 0x0000000008003aac
                0x0000000020000000                . = ALIGN (0x4)
                0x0000000020000000                _sdata = .
 *(.data)
 *(.data*)
 .data.SystemCoreClock
                0x0000000020000000        0x4 ./Core/Src/system_stm32f4xx.o
                0x0000000020000000                SystemCoreClock
 *(.RamFunc)
 *(.RamFunc*)
                0x0000000020000004                . = ALIGN (0x4)
                0x0000000020000004                _edata = .

.igot.plt       0x0000000020000004        0x0 load address 0x0000000008003ab0
 .igot.plt      0x0000000020000004        0x0 C:/ST/STM32CubeIDE_1.6.0/STM32CubeIDE/plugins/com.st.stm32cube.ide.mcu.externaltools.gnu-tools-for-stm32.11.3.rel1.win32_1.1.0.202305231506/tools/bin/../lib/gcc/arm-none-eabi/11.3.1/thumb/v7e-m+fp/hard/crtbegin.o
                0x0000000020000004                . = ALIGN (0x4)

.bss            0x0000000020000004      0x13c load address 0x0000000008003ab0
                0x0000000020000004                _sbss = .
                0x0000000020000004                __bss_start__ = _sbss
 *(.bss)
 .bss           0x0000000020000004       0x1c C:/ST/STM32CubeIDE_1.6.0/STM32CubeIDE/plugins/com.st.stm32cube.ide.mcu.externaltools.gnu-tools-for-stm32.11.3.rel1.win32_1.1.0.202305231506/tools/bin/../lib/gcc/arm-none-eabi/11.3.1/thumb/v7e-m+fp/hard/crtbegin.o
 *(.bss*)
 .bss.Direction1
                0x0000000020000020        0x8 ./Core/Src/main.o
                0x0000000020000020                Direction1
 .bss.Direction2
                0x0000000020000028        0x8 ./Core/Src/main.o
                0x0000000020000028                Direction2
 .bss.MotorDutyVelocity1
                0x0000000020000030        0x8 ./Core/Src/main.o
                0x0000000020000030                MotorDutyVelocity1
 .bss.MotorDutyVelocity2
                0x0000000020000038        0x8 ./Core/Src/main.o
                0x0000000020000038                MotorDutyVelocity2
 .bss.protocol2
                0x0000000020000040       0xb4 ./Core/Src/main.o
                0x0000000020000040                protocol2
 .bss.protocol2RX
                0x00000000200000f4       0x40 ./Core/Src/main.o
                0x00000000200000f4                protocol2RX
 .bss.DutyTarget1
                0x0000000020000134        0x4 ./Core/Src/stm32f4xx_it.o
                0x0000000020000134                DutyTarget1
 .bss.DutyTarget2
                0x0000000020000138        0x4 ./Core/Src/stm32f4xx_it.o
                0x0000000020000138                DutyTarget2
 .bss.protocol2_connect
                0x000000002000013c        0x1 ./Core/Src/stm32f4xx_it.o
                0x000000002000013c                protocol2_connect
 *(COMMON)
                0x0000000020000140                . = ALIGN (0x4)
 *fill*         0x000000002000013d        0x3 
                0x0000000020000140                _ebss = .
                0x0000000020000140                __bss_end__ = _ebss

._user_heap_stack
                0x0000000020000140      0x600 load address 0x0000000008003ab0
                0x0000000020000140                . = ALIGN (0x8)
                [!provide]                        PROVIDE (end = .)
                0x0000000020000140                PROVIDE (_end = .)
                0x0000000020000340                . = (. + _Min_Heap_Size)
 *fill*         0x0000000020000140      0x200 
                0x0000000020000740                . = (. + _Min_Stack_Size)
 *fill*         0x0000000020000340      0x400 
                0x0000000020000740                . = ALIGN (0x8)

/DISCARD/
 libc.a(*)
 libm.a(*)
 libgcc.a(*)

.ARM.attributes
                0x0000000000000000       0x30
 *(.ARM.attributes)
 .ARM.attributes
                0x0000000000000000       0x1e C:/ST/STM32CubeIDE_1.6.0/STM32CubeIDE/plugins/com.st.stm32cube.ide.mcu.externaltools.gnu-tools-for-stm32.11.3.rel1.win32_1.1.0.202305231506/tools/bin/../lib/gcc/arm-none-eabi/11.3.1/thumb/v7e-m+fp/hard/crti.o
 .ARM.attributes
                0x000000000000001e       0x34 C:/ST/STM32CubeIDE_1.6.0/STM32CubeIDE/plugins/com.st.stm32cube.ide.mcu.externaltools.gnu-tools-for-stm32.11.3.rel1.win32_1.1.0.202305231506/tools/bin/../lib/gcc/arm-none-eabi/11.3.1/thumb/v7e-m+fp/hard/crtbegin.o
 .ARM.attributes
                0x0000000000000052       0x34 ./Core/Src/JControl.o
 .ARM.attributes
                0x0000000000000086       0x34 ./Core/Src/Protocol2.o
 .ARM.attributes
                0x00000000000000ba       0x34 ./Core/Src/dma.o
 .ARM.attributes
                0x00000000000000ee       0x34 ./Core/Src/gpio.o
 .ARM.attributes
                0x0000000000000122       0x34 ./Core/Src/main.o
 .ARM.attributes
                0x0000000000000156       0x34 ./Core/Src/stm32f4xx_it.o
 .ARM.attributes
                0x000000000000018a       0x34 ./Core/Src/system_stm32f4xx.o
 .ARM.attributes
                0x00000000000001be       0x34 ./Core/Src/tim.o
 .ARM.attributes
                0x00000000000001f2       0x34 ./Core/Src/usart.o
 .ARM.attributes
                0x0000000000000226       0x21 ./Core/Startup/startup_stm32f446retx.o
 .ARM.attributes
                0x0000000000000247       0x34 ./Drivers/STM32F4xx_HAL_Driver/Src/stm32f4xx_ll_gpio.o
 .ARM.attributes
                0x000000000000027b       0x34 ./Drivers/STM32F4xx_HAL_Driver/Src/stm32f4xx_ll_rcc.o
 .ARM.attributes
                0x00000000000002af       0x34 ./Drivers/STM32F4xx_HAL_Driver/Src/stm32f4xx_ll_tim.o
 .ARM.attributes
                0x00000000000002e3       0x34 ./Drivers/STM32F4xx_HAL_Driver/Src/stm32f4xx_ll_usart.o
 .ARM.attributes
                0x0000000000000317       0x34 ./Drivers/STM32F4xx_HAL_Driver/Src/stm32f4xx_ll_utils.o
 .ARM.attributes
                0x000000000000034b       0x34 C:/ST/STM32CubeIDE_1.6.0/STM32CubeIDE/plugins/com.st.stm32cube.ide.mcu.externaltools.gnu-tools-for-stm32.11.3.rel1.win32_1.1.0.202305231506/tools/bin/../lib/gcc/arm-none-eabi/11.3.1/../../../../arm-none-eabi/lib/thumb/v7e-m+fp/hard\libc_nano.a(libc_a-memset.o)
 .ARM.attributes
                0x000000000000037f       0x34 C:/ST/STM32CubeIDE_1.6.0/STM32CubeIDE/plugins/com.st.stm32cube.ide.mcu.externaltools.gnu-tools-for-stm32.11.3.rel1.win32_1.1.0.202305231506/tools/bin/../lib/gcc/arm-none-eabi/11.3.1/../../../../arm-none-eabi/lib/thumb/v7e-m+fp/hard\libc_nano.a(libc_a-init.o)
 .ARM.attributes
                0x00000000000003b3       0x34 C:/ST/STM32CubeIDE_1.6.0/STM32CubeIDE/plugins/com.st.stm32cube.ide.mcu.externaltools.gnu-tools-for-stm32.11.3.rel1.win32_1.1.0.202305231506/tools/bin/../lib/gcc/arm-none-eabi/11.3.1/../../../../arm-none-eabi/lib/thumb/v7e-m+fp/hard\libc_nano.a(libc_a-memcpy-stub.o)
 .ARM.attributes
                0x00000000000003e7       0x1e C:/ST/STM32CubeIDE_1.6.0/STM32CubeIDE/plugins/com.st.stm32cube.ide.mcu.externaltools.gnu-tools-for-stm32.11.3.rel1.win32_1.1.0.202305231506/tools/bin/../lib/gcc/arm-none-eabi/11.3.1/thumb/v7e-m+fp/hard\libgcc.a(_aeabi_uldivmod.o)
 .ARM.attributes
                0x0000000000000405       0x34 C:/ST/STM32CubeIDE_1.6.0/STM32CubeIDE/plugins/com.st.stm32cube.ide.mcu.externaltools.gnu-tools-for-stm32.11.3.rel1.win32_1.1.0.202305231506/tools/bin/../lib/gcc/arm-none-eabi/11.3.1/thumb/v7e-m+fp/hard\libgcc.a(_udivmoddi4.o)
 .ARM.attributes
                0x0000000000000439       0x1e C:/ST/STM32CubeIDE_1.6.0/STM32CubeIDE/plugins/com.st.stm32cube.ide.mcu.externaltools.gnu-tools-for-stm32.11.3.rel1.win32_1.1.0.202305231506/tools/bin/../lib/gcc/arm-none-eabi/11.3.1/thumb/v7e-m+fp/hard\libgcc.a(_dvmd_tls.o)
 .ARM.attributes
                0x0000000000000457       0x1e C:/ST/STM32CubeIDE_1.6.0/STM32CubeIDE/plugins/com.st.stm32cube.ide.mcu.externaltools.gnu-tools-for-stm32.11.3.rel1.win32_1.1.0.202305231506/tools/bin/../lib/gcc/arm-none-eabi/11.3.1/thumb/v7e-m+fp/hard/crtn.o
OUTPUT(firmware_L.elf elf32-littlearm)
LOAD linker stubs
LOAD C:/ST/STM32CubeIDE_1.6.0/STM32CubeIDE/plugins/com.st.stm32cube.ide.mcu.externaltools.gnu-tools-for-stm32.11.3.rel1.win32_1.1.0.202305231506/tools/bin/../lib/gcc/arm-none-eabi/11.3.1/../../../../arm-none-eabi/lib/thumb/v7e-m+fp/hard\libc.a
LOAD C:/ST/STM32CubeIDE_1.6.0/STM32CubeIDE/plugins/com.st.stm32cube.ide.mcu.externaltools.gnu-tools-for-stm32.11.3.rel1.win32_1.1.0.202305231506/tools/bin/../lib/gcc/arm-none-eabi/11.3.1/../../../../arm-none-eabi/lib/thumb/v7e-m+fp/hard\libm.a
LOAD C:/ST/STM32CubeIDE_1.6.0/STM32CubeIDE/plugins/com.st.stm32cube.ide.mcu.externaltools.gnu-tools-for-stm32.11.3.rel1.win32_1.1.0.202305231506/tools/bin/../lib/gcc/arm-none-eabi/11.3.1/thumb/v7e-m+fp/hard\libgcc.a

.comment        0x0000000000000000       0x43
 .comment       0x0000000000000000       0x43 C:/ST/STM32CubeIDE_1.6.0/STM32CubeIDE/plugins/com.st.stm32cube.ide.mcu.externaltools.gnu-tools-for-stm32.11.3.rel1.win32_1.1.0.202305231506/tools/bin/../lib/gcc/arm-none-eabi/11.3.1/thumb/v7e-m+fp/hard/crtbegin.o
                                         0x44 (size before relaxing)
 .comment       0x0000000000000043       0x44 ./Core/Src/JControl.o
 .comment       0x0000000000000043       0x44 ./Core/Src/Protocol2.o
 .comment       0x0000000000000043       0x44 ./Core/Src/dma.o
 .comment       0x0000000000000043       0x44 ./Core/Src/gpio.o
 .comment       0x0000000000000043       0x44 ./Core/Src/main.o
 .comment       0x0000000000000043       0x44 ./Core/Src/stm32f4xx_it.o
 .comment       0x0000000000000043       0x44 ./Core/Src/system_stm32f4xx.o
 .comment       0x0000000000000043       0x44 ./Core/Src/tim.o
 .comment       0x0000000000000043       0x44 ./Core/Src/usart.o
 .comment       0x0000000000000043       0x44 ./Drivers/STM32F4xx_HAL_Driver/Src/stm32f4xx_ll_gpio.o
 .comment       0x0000000000000043       0x44 ./Drivers/STM32F4xx_HAL_Driver/Src/stm32f4xx_ll_rcc.o
 .comment       0x0000000000000043       0x44 ./Drivers/STM32F4xx_HAL_Driver/Src/stm32f4xx_ll_tim.o
 .comment       0x0000000000000043       0x44 ./Drivers/STM32F4xx_HAL_Driver/Src/stm32f4xx_ll_usart.o
 .comment       0x0000000000000043       0x44 ./Drivers/STM32F4xx_HAL_Driver/Src/stm32f4xx_ll_utils.o

.debug_info     0x0000000000000000     0x94b5
 .debug_info    0x0000000000000000      0x7da ./Core/Src/JControl.o
 .debug_info    0x00000000000007da      0x748 ./Core/Src/Protocol2.o
 .debug_info    0x0000000000000f22      0x9ba ./Core/Src/dma.o
 .debug_info    0x00000000000018dc      0x4ca ./Core/Src/gpio.o
 .debug_info    0x0000000000001da6     0x14cc ./Core/Src/main.o
 .debug_info    0x0000000000003272      0x98e ./Core/Src/stm32f4xx_it.o
 .debug_info    0x0000000000003c00      0x543 ./Core/Src/system_stm32f4xx.o
 .debug_info    0x0000000000004143     0x101e ./Core/Src/tim.o
 .debug_info    0x0000000000005161      0xfea ./Core/Src/usart.o
 .debug_info    0x000000000000614b       0x23 ./Core/Startup/startup_stm32f446retx.o
 .debug_info    0x000000000000616e      0x7e3 ./Drivers/STM32F4xx_HAL_Driver/Src/stm32f4xx_ll_gpio.o
 .debug_info    0x0000000000006951      0xbf2 ./Drivers/STM32F4xx_HAL_Driver/Src/stm32f4xx_ll_rcc.o
 .debug_info    0x0000000000007543      0xf32 ./Drivers/STM32F4xx_HAL_Driver/Src/stm32f4xx_ll_tim.o
 .debug_info    0x0000000000008475      0x6fd ./Drivers/STM32F4xx_HAL_Driver/Src/stm32f4xx_ll_usart.o
 .debug_info    0x0000000000008b72      0x943 ./Drivers/STM32F4xx_HAL_Driver/Src/stm32f4xx_ll_utils.o

.debug_abbrev   0x0000000000000000     0x1bb0
 .debug_abbrev  0x0000000000000000      0x1dd ./Core/Src/JControl.o
 .debug_abbrev  0x00000000000001dd      0x211 ./Core/Src/Protocol2.o
 .debug_abbrev  0x00000000000003ee      0x198 ./Core/Src/dma.o
 .debug_abbrev  0x0000000000000586      0x198 ./Core/Src/gpio.o
 .debug_abbrev  0x000000000000071e      0x324 ./Core/Src/main.o
 .debug_abbrev  0x0000000000000a42      0x227 ./Core/Src/stm32f4xx_it.o
 .debug_abbrev  0x0000000000000c69      0x11a ./Core/Src/system_stm32f4xx.o
 .debug_abbrev  0x0000000000000d83      0x1f9 ./Core/Src/tim.o
 .debug_abbrev  0x0000000000000f7c      0x1f7 ./Core/Src/usart.o
 .debug_abbrev  0x0000000000001173       0x12 ./Core/Startup/startup_stm32f446retx.o
 .debug_abbrev  0x0000000000001185      0x220 ./Drivers/STM32F4xx_HAL_Driver/Src/stm32f4xx_ll_gpio.o
 .debug_abbrev  0x00000000000013a5      0x1ee ./Drivers/STM32F4xx_HAL_Driver/Src/stm32f4xx_ll_rcc.o
 .debug_abbrev  0x0000000000001593      0x20f ./Drivers/STM32F4xx_HAL_Driver/Src/stm32f4xx_ll_tim.o
 .debug_abbrev  0x00000000000017a2      0x1eb ./Drivers/STM32F4xx_HAL_Driver/Src/stm32f4xx_ll_usart.o
 .debug_abbrev  0x000000000000198d      0x223 ./Drivers/STM32F4xx_HAL_Driver/Src/stm32f4xx_ll_utils.o

.debug_aranges  0x0000000000000000      0xa60
 .debug_aranges
                0x0000000000000000       0x70 ./Core/Src/JControl.o
 .debug_aranges
                0x0000000000000070       0x90 ./Core/Src/Protocol2.o
 .debug_aranges
                0x0000000000000100       0x48 ./Core/Src/dma.o
 .debug_aranges
                0x0000000000000148       0x30 ./Core/Src/gpio.o
 .debug_aranges
                0x0000000000000178      0x140 ./Core/Src/main.o
 .debug_aranges
                0x00000000000002b8      0x108 ./Core/Src/stm32f4xx_it.o
 .debug_aranges
                0x00000000000003c0       0x28 ./Core/Src/system_stm32f4xx.o
 .debug_aranges
                0x00000000000003e8       0x88 ./Core/Src/tim.o
 .debug_aranges
                0x0000000000000470       0xa8 ./Core/Src/usart.o
 .debug_aranges
                0x0000000000000518       0x28 ./Core/Startup/startup_stm32f446retx.o
 .debug_aranges
                0x0000000000000540       0x70 ./Drivers/STM32F4xx_HAL_Driver/Src/stm32f4xx_ll_gpio.o
 .debug_aranges
                0x00000000000005b0      0x200 ./Drivers/STM32F4xx_HAL_Driver/Src/stm32f4xx_ll_rcc.o
 .debug_aranges
                0x00000000000007b0      0x128 ./Drivers/STM32F4xx_HAL_Driver/Src/stm32f4xx_ll_tim.o
 .debug_aranges
                0x00000000000008d8       0x88 ./Drivers/STM32F4xx_HAL_Driver/Src/stm32f4xx_ll_usart.o
 .debug_aranges
                0x0000000000000960      0x100 ./Drivers/STM32F4xx_HAL_Driver/Src/stm32f4xx_ll_utils.o

.debug_rnglists
                0x0000000000000000      0x7a8
 .debug_rnglists
                0x0000000000000000       0x54 ./Core/Src/JControl.o
 .debug_rnglists
                0x0000000000000054       0x6c ./Core/Src/Protocol2.o
 .debug_rnglists
                0x00000000000000c0       0x31 ./Core/Src/dma.o
 .debug_rnglists
                0x00000000000000f1       0x20 ./Core/Src/gpio.o
 .debug_rnglists
                0x0000000000000111       0xed ./Core/Src/main.o
 .debug_rnglists
                0x00000000000001fe       0xc2 ./Core/Src/stm32f4xx_it.o
 .debug_rnglists
                0x00000000000002c0       0x1a ./Core/Src/system_stm32f4xx.o
 .debug_rnglists
                0x00000000000002da       0x64 ./Core/Src/tim.o
 .debug_rnglists
                0x000000000000033e       0x7a ./Core/Src/usart.o
 .debug_rnglists
                0x00000000000003b8       0x19 ./Core/Startup/startup_stm32f446retx.o
 .debug_rnglists
                0x00000000000003d1       0x51 ./Drivers/STM32F4xx_HAL_Driver/Src/stm32f4xx_ll_gpio.o
 .debug_rnglists
                0x0000000000000422      0x180 ./Drivers/STM32F4xx_HAL_Driver/Src/stm32f4xx_ll_rcc.o
 .debug_rnglists
                0x00000000000005a2       0xe4 ./Drivers/STM32F4xx_HAL_Driver/Src/stm32f4xx_ll_tim.o
 .debug_rnglists
                0x0000000000000686       0x64 ./Drivers/STM32F4xx_HAL_Driver/Src/stm32f4xx_ll_usart.o
 .debug_rnglists
                0x00000000000006ea       0xbe ./Drivers/STM32F4xx_HAL_Driver/Src/stm32f4xx_ll_utils.o

.debug_macro    0x0000000000000000    0x1d3ee
 .debug_macro   0x0000000000000000      0x155 ./Core/Src/JControl.o
 .debug_macro   0x0000000000000155      0xaea ./Core/Src/JControl.o
 .debug_macro   0x0000000000000c3f       0x2e ./Core/Src/JControl.o
 .debug_macro   0x0000000000000c6d       0x28 ./Core/Src/JControl.o
 .debug_macro   0x0000000000000c95       0x22 ./Core/Src/JControl.o
 .debug_macro   0x0000000000000cb7       0x8e ./Core/Src/JControl.o
 .debug_macro   0x0000000000000d45       0x51 ./Core/Src/JControl.o
 .debug_macro   0x0000000000000d96      0x103 ./Core/Src/JControl.o
 .debug_macro   0x0000000000000e99       0x6a ./Core/Src/JControl.o
 .debug_macro   0x0000000000000f03      0x1df ./Core/Src/JControl.o
 .debug_macro   0x00000000000010e2       0x1c ./Core/Src/JControl.o
 .debug_macro   0x00000000000010fe       0x22 ./Core/Src/JControl.o
 .debug_macro   0x0000000000001120       0xd9 ./Core/Src/JControl.o
 .debug_macro   0x00000000000011f9     0x102d ./Core/Src/JControl.o
 .debug_macro   0x0000000000002226      0x11f ./Core/Src/JControl.o
 .debug_macro   0x0000000000002345    0x16749 ./Core/Src/JControl.o
 .debug_macro   0x0000000000018a8e       0x6d ./Core/Src/JControl.o
 .debug_macro   0x0000000000018afb      0x1e0 ./Core/Src/JControl.o
 .debug_macro   0x0000000000018cdb      0xd69 ./Core/Src/JControl.o
 .debug_macro   0x0000000000019a44      0x1db ./Core/Src/JControl.o
 .debug_macro   0x0000000000019c1f      0x21c ./Core/Src/JControl.o
 .debug_macro   0x0000000000019e3b       0xe8 ./Core/Src/JControl.o
 .debug_macro   0x0000000000019f23      0x1a6 ./Core/Src/JControl.o
 .debug_macro   0x000000000001a0c9       0x61 ./Core/Src/JControl.o
 .debug_macro   0x000000000001a12a       0xd5 ./Core/Src/JControl.o
 .debug_macro   0x000000000001a1ff      0x5fa ./Core/Src/JControl.o
 .debug_macro   0x000000000001a7f9      0x1bb ./Core/Src/JControl.o
 .debug_macro   0x000000000001a9b4      0x149 ./Core/Src/JControl.o
 .debug_macro   0x000000000001aafd       0x22 ./Core/Src/JControl.o
 .debug_macro   0x000000000001ab1f       0x3a ./Core/Src/JControl.o
 .debug_macro   0x000000000001ab59      0x15e ./Core/Src/Protocol2.o
 .debug_macro   0x000000000001acb7       0x5e ./Core/Src/Protocol2.o
 .debug_macro   0x000000000001ad15       0x46 ./Core/Src/Protocol2.o
 .debug_macro   0x000000000001ad5b      0x150 ./Core/Src/dma.o
 .debug_macro   0x000000000001aeab      0x150 ./Core/Src/gpio.o
 .debug_macro   0x000000000001affb      0x197 ./Core/Src/main.o
 .debug_macro   0x000000000001b192       0x40 ./Core/Src/main.o
 .debug_macro   0x000000000001b1d2      0x185 ./Core/Src/stm32f4xx_it.o
 .debug_macro   0x000000000001b357       0xce ./Core/Src/system_stm32f4xx.o
 .debug_macro   0x000000000001b425      0x150 ./Core/Src/tim.o
 .debug_macro   0x000000000001b575      0x150 ./Core/Src/usart.o
 .debug_macro   0x000000000001b6c5      0x110 ./Drivers/STM32F4xx_HAL_Driver/Src/stm32f4xx_ll_gpio.o
 .debug_macro   0x000000000001b7d5      0x143 ./Drivers/STM32F4xx_HAL_Driver/Src/stm32f4xx_ll_gpio.o
 .debug_macro   0x000000000001b918      0x10d ./Drivers/STM32F4xx_HAL_Driver/Src/stm32f4xx_ll_rcc.o
 .debug_macro   0x000000000001ba25      0xd63 ./Drivers/STM32F4xx_HAL_Driver/Src/stm32f4xx_ll_rcc.o
 .debug_macro   0x000000000001c788      0x159 ./Drivers/STM32F4xx_HAL_Driver/Src/stm32f4xx_ll_tim.o
 .debug_macro   0x000000000001c8e1      0x5f4 ./Drivers/STM32F4xx_HAL_Driver/Src/stm32f4xx_ll_tim.o
 .debug_macro   0x000000000001ced5      0x13d ./Drivers/STM32F4xx_HAL_Driver/Src/stm32f4xx_ll_usart.o
 .debug_macro   0x000000000001d012      0x1b5 ./Drivers/STM32F4xx_HAL_Driver/Src/stm32f4xx_ll_usart.o
 .debug_macro   0x000000000001d1c7      0x1cc ./Drivers/STM32F4xx_HAL_Driver/Src/stm32f4xx_ll_utils.o
 .debug_macro   0x000000000001d393       0x5b ./Drivers/STM32F4xx_HAL_Driver/Src/stm32f4xx_ll_utils.o

.debug_line     0x0000000000000000     0x82b4
 .debug_line    0x0000000000000000      0x982 ./Core/Src/JControl.o
 .debug_line    0x0000000000000982      0xa0e ./Core/Src/Protocol2.o
 .debug_line    0x0000000000001390      0x713 ./Core/Src/dma.o
 .debug_line    0x0000000000001aa3      0x67f ./Core/Src/gpio.o
 .debug_line    0x0000000000002122      0xbd5 ./Core/Src/main.o
 .debug_line    0x0000000000002cf7      0x993 ./Core/Src/stm32f4xx_it.o
 .debug_line    0x000000000000368a      0x56e ./Core/Src/system_stm32f4xx.o
 .debug_line    0x0000000000003bf8      0x95a ./Core/Src/tim.o
 .debug_line    0x0000000000004552      0x8a1 ./Core/Src/usart.o
 .debug_line    0x0000000000004df3       0x7a ./Core/Startup/startup_stm32f446retx.o
 .debug_line    0x0000000000004e6d      0x7da ./Drivers/STM32F4xx_HAL_Driver/Src/stm32f4xx_ll_gpio.o
 .debug_line    0x0000000000005647      0xf12 ./Drivers/STM32F4xx_HAL_Driver/Src/stm32f4xx_ll_rcc.o
 .debug_line    0x0000000000006559      0xb60 ./Drivers/STM32F4xx_HAL_Driver/Src/stm32f4xx_ll_tim.o
 .debug_line    0x00000000000070b9      0x76f ./Drivers/STM32F4xx_HAL_Driver/Src/stm32f4xx_ll_usart.o
 .debug_line    0x0000000000007828      0xa8c ./Drivers/STM32F4xx_HAL_Driver/Src/stm32f4xx_ll_utils.o

.debug_str      0x0000000000000000    0xa3839
 .debug_str     0x0000000000000000    0x9def2 ./Core/Src/JControl.o
                                      0x9e092 (size before relaxing)
 .debug_str     0x000000000009def2      0x4c1 ./Core/Src/Protocol2.o
                                      0x9e29d (size before relaxing)
 .debug_str     0x000000000009e3b3      0x78e ./Core/Src/dma.o
                                      0x9e594 (size before relaxing)
 .debug_str     0x000000000009eb41       0x81 ./Core/Src/gpio.o
                                      0x9dfce (size before relaxing)
 .debug_str     0x000000000009ebc2      0x472 ./Core/Src/main.o
                                      0x9edf4 (size before relaxing)
 .debug_str     0x000000000009f034      0x285 ./Core/Src/stm32f4xx_it.o
                                      0x9e50d (size before relaxing)
 .debug_str     0x000000000009f2b9       0x77 ./Core/Src/system_stm32f4xx.o
                                      0x8b08f (size before relaxing)
 .debug_str     0x000000000009f330      0x210 ./Core/Src/tim.o
                                      0x9e903 (size before relaxing)
 .debug_str     0x000000000009f540      0x193 ./Core/Src/usart.o
                                      0x9e87f (size before relaxing)
 .debug_str     0x000000000009f6d3       0x34 ./Core/Startup/startup_stm32f446retx.o
                                         0x5f (size before relaxing)
 .debug_str     0x000000000009f707      0x67c ./Drivers/STM32F4xx_HAL_Driver/Src/stm32f4xx_ll_gpio.o
                                      0x8ca8d (size before relaxing)
 .debug_str     0x000000000009fd83      0x978 ./Drivers/STM32F4xx_HAL_Driver/Src/stm32f4xx_ll_rcc.o
                                      0x9559c (size before relaxing)
 .debug_str     0x00000000000a06fb     0x11a1 ./Drivers/STM32F4xx_HAL_Driver/Src/stm32f4xx_ll_tim.o
                                      0x901d7 (size before relaxing)
 .debug_str     0x00000000000a189c      0x7db ./Drivers/STM32F4xx_HAL_Driver/Src/stm32f4xx_ll_usart.o
                                      0x96f33 (size before relaxing)
 .debug_str     0x00000000000a2077     0x17c2 ./Drivers/STM32F4xx_HAL_Driver/Src/stm32f4xx_ll_utils.o
                                      0x97c98 (size before relaxing)

.debug_frame    0x0000000000000000     0x2ae4
 .debug_frame   0x0000000000000000      0x1c4 ./Core/Src/JControl.o
 .debug_frame   0x00000000000001c4      0x24c ./Core/Src/Protocol2.o
 .debug_frame   0x0000000000000410       0xec ./Core/Src/dma.o
 .debug_frame   0x00000000000004fc       0x84 ./Core/Src/gpio.o
 .debug_frame   0x0000000000000580      0x55c ./Core/Src/main.o
 .debug_frame   0x0000000000000adc      0x40c ./Core/Src/stm32f4xx_it.o
 .debug_frame   0x0000000000000ee8       0x58 ./Core/Src/system_stm32f4xx.o
 .debug_frame   0x0000000000000f40      0x230 ./Core/Src/tim.o
 .debug_frame   0x0000000000001170      0x2d4 ./Core/Src/usart.o
 .debug_frame   0x0000000000001444      0x1c0 ./Drivers/STM32F4xx_HAL_Driver/Src/stm32f4xx_ll_gpio.o
 .debug_frame   0x0000000000001604      0x87c ./Drivers/STM32F4xx_HAL_Driver/Src/stm32f4xx_ll_rcc.o
 .debug_frame   0x0000000000001e80      0x538 ./Drivers/STM32F4xx_HAL_Driver/Src/stm32f4xx_ll_tim.o
 .debug_frame   0x00000000000023b8      0x240 ./Drivers/STM32F4xx_HAL_Driver/Src/stm32f4xx_ll_usart.o
 .debug_frame   0x00000000000025f8      0x418 ./Drivers/STM32F4xx_HAL_Driver/Src/stm32f4xx_ll_utils.o
 .debug_frame   0x0000000000002a10       0x20 C:/ST/STM32CubeIDE_1.6.0/STM32CubeIDE/plugins/com.st.stm32cube.ide.mcu.externaltools.gnu-tools-for-stm32.11.3.rel1.win32_1.1.0.202305231506/tools/bin/../lib/gcc/arm-none-eabi/11.3.1/../../../../arm-none-eabi/lib/thumb/v7e-m+fp/hard\libc_nano.a(libc_a-memset.o)
 .debug_frame   0x0000000000002a30       0x2c C:/ST/STM32CubeIDE_1.6.0/STM32CubeIDE/plugins/com.st.stm32cube.ide.mcu.externaltools.gnu-tools-for-stm32.11.3.rel1.win32_1.1.0.202305231506/tools/bin/../lib/gcc/arm-none-eabi/11.3.1/../../../../arm-none-eabi/lib/thumb/v7e-m+fp/hard\libc_nano.a(libc_a-init.o)
 .debug_frame   0x0000000000002a5c       0x28 C:/ST/STM32CubeIDE_1.6.0/STM32CubeIDE/plugins/com.st.stm32cube.ide.mcu.externaltools.gnu-tools-for-stm32.11.3.rel1.win32_1.1.0.202305231506/tools/bin/../lib/gcc/arm-none-eabi/11.3.1/../../../../arm-none-eabi/lib/thumb/v7e-m+fp/hard\libc_nano.a(libc_a-memcpy-stub.o)
 .debug_frame   0x0000000000002a84       0x2c C:/ST/STM32CubeIDE_1.6.0/STM32CubeIDE/plugins/com.st.stm32cube.ide.mcu.externaltools.gnu-tools-for-stm32.11.3.rel1.win32_1.1.0.202305231506/tools/bin/../lib/gcc/arm-none-eabi/11.3.1/thumb/v7e-m+fp/hard\libgcc.a(_aeabi_uldivmod.o)
 .debug_frame   0x0000000000002ab0       0x34 C:/ST/STM32CubeIDE_1.6.0/STM32CubeIDE/plugins/com.st.stm32cube.ide.mcu.externaltools.gnu-tools-for-stm32.11.3.rel1.win32_1.1.0.202305231506/tools/bin/../lib/gcc/arm-none-eabi/11.3.1/thumb/v7e-m+fp/hard\libgcc.a(_udivmoddi4.o)

.debug_line_str
                0x0000000000000000       0x53
 .debug_line_str
                0x0000000000000000       0x53 ./Core/Startup/startup_stm32f446retx.o
                                         0x6b (size before relaxing)
