../Drivers/STM32F4xx_HAL_Driver/Inc/stm32f4xx_ll_dma.h:494:22:LL_DMA_EnableStream	16	static
../Drivers/STM32F4xx_HAL_Driver/Inc/stm32f4xx_ll_dma.h:514:22:LL_DMA_DisableStream	16	static
../Drivers/STM32F4xx_HAL_Driver/Inc/stm32f4xx_ll_dma.h:2100:22:LL_DMA_ClearFlag_HT1	16	static
../Drivers/STM32F4xx_HAL_Driver/Inc/stm32f4xx_ll_dma.h:2188:22:LL_DMA_ClearFlag_TC1	16	static
../Drivers/STM32F4xx_HAL_Driver/Inc/stm32f4xx_ll_dma.h:2276:22:LL_DMA_ClearFlag_TE1	16	static
../Drivers/STM32F4xx_HAL_Driver/Inc/stm32f4xx_ll_dma.h:2364:22:LL_DMA_ClearFlag_DME1	16	static
../Drivers/STM32F4xx_HAL_Driver/Inc/stm32f4xx_ll_dma.h:2452:22:LL_DMA_ClearFlag_FE1	16	static
../Drivers/STM32F4xx_HAL_Driver/Inc/stm32f4xx_ll_tim.h:3182:22:LL_TIM_ClearFlag_UPDATE	16	static
../Drivers/STM32F4xx_HAL_Driver/Inc/stm32f4xx_ll_tim.h:3193:26:LL_TIM_IsActiveFlag_UPDATE	16	static
../Drivers/STM32F4xx_HAL_Driver/Inc/stm32f4xx_ll_usart.h:1781:26:LL_USART_IsActiveFlag_IDLE	16	static
../Drivers/STM32F4xx_HAL_Driver/Inc/stm32f4xx_ll_usart.h:1953:22:LL_USART_ClearFlag_IDLE	24	static
../Drivers/STM32F4xx_HAL_Driver/Inc/stm32f4xx_ll_gpio.h:881:22:LL_GPIO_SetOutputPin	16	static
../Drivers/STM32F4xx_HAL_Driver/Inc/stm32f4xx_ll_gpio.h:910:22:LL_GPIO_ResetOutputPin	16	static
../Core/Src/stm32f4xx_it.c:76:6:Duty_Velocity	24	static
../Core/Src/stm32f4xx_it.c:101:6:NMI_Handler	4	static
../Core/Src/stm32f4xx_it.c:116:6:HardFault_Handler	4	static
../Core/Src/stm32f4xx_it.c:131:6:MemManage_Handler	4	static
../Core/Src/stm32f4xx_it.c:146:6:BusFault_Handler	4	static
../Core/Src/stm32f4xx_it.c:161:6:UsageFault_Handler	4	static
../Core/Src/stm32f4xx_it.c:176:6:SVC_Handler	4	static
../Core/Src/stm32f4xx_it.c:189:6:DebugMon_Handler	4	static
../Core/Src/stm32f4xx_it.c:202:6:PendSV_Handler	4	static
../Core/Src/stm32f4xx_it.c:215:6:SysTick_Handler	4	static
../Core/Src/stm32f4xx_it.c:236:6:DMA1_Stream1_IRQHandler	4	static
../Core/Src/stm32f4xx_it.c:250:6:TIM1_BRK_TIM9_IRQHandler	4	static
../Core/Src/stm32f4xx_it.c:264:6:TIM1_UP_TIM10_IRQHandler	4	static
../Core/Src/stm32f4xx_it.c:278:6:TIM1_TRG_COM_TIM11_IRQHandler	4	static
../Core/Src/stm32f4xx_it.c:292:6:TIM1_CC_IRQHandler	4	static
../Core/Src/stm32f4xx_it.c:305:6:USART3_IRQHandler	8	static
../Core/Src/stm32f4xx_it.c:332:6:TIM6_DAC_IRQHandler	8	static
